Archive member included to satisfy reference by file (symbol)

/Users/bears/Library/Caches/arduino/cores/e37c7f0104f184563298bcb39b00ff59/core.a(Serial.cpp.o)
                              /Users/bears/Library/Caches/arduino/sketches/94A83AC9A8F134453052A5FA871634DF/sketch/lora_e5.ino.cpp.o (Serial1)
/Users/bears/Library/Caches/arduino/cores/e37c7f0104f184563298bcb39b00ff59/core.a(Print.cpp.o)
                              /Users/bears/Library/Caches/arduino/sketches/94A83AC9A8F134453052A5FA871634DF/sketch/lora_e5.ino.cpp.o (arduino::Print::print(char const*))
/Users/bears/Library/Caches/arduino/cores/e37c7f0104f184563298bcb39b00ff59/core.a(main.cpp.o)
                              /Users/bears/Library/Arduino15/packages/STMicroelectronics/tools/xpack-arm-none-eabi-gcc/14.2.1-1.1/bin/../lib/gcc/arm-none-eabi/14.2.1/../../../../arm-none-eabi/lib/thumb/v7e-m/nofp/crt0.o (main)
/Users/bears/Library/Caches/arduino/cores/e37c7f0104f184563298bcb39b00ff59/core.a(pins_arduino.c.o)
                              /Users/bears/Library/Caches/arduino/sketches/94A83AC9A8F134453052A5FA871634DF/libraries/Wire/Wire.cpp.o (pinNametoDigitalPin)
/Users/bears/Library/Caches/arduino/cores/e37c7f0104f184563298bcb39b00ff59/core.a(startup_stm32yyxx.S.o)
                              (Reset_Handler)
/Users/bears/Library/Caches/arduino/cores/e37c7f0104f184563298bcb39b00ff59/core.a(wiring_digital.c.o)
                              /Users/bears/Library/Caches/arduino/sketches/94A83AC9A8F134453052A5FA871634DF/libraries/Wire/Wire.cpp.o (pinMode)
/Users/bears/Library/Caches/arduino/cores/e37c7f0104f184563298bcb39b00ff59/core.a(wiring_time.c.o)
                              /Users/bears/Library/Caches/arduino/sketches/94A83AC9A8F134453052A5FA871634DF/sketch/lora_e5.ino.cpp.o (delay)
/Users/bears/Library/Caches/arduino/cores/e37c7f0104f184563298bcb39b00ff59/core.a(board.c.o)
                              /Users/bears/Library/Caches/arduino/cores/e37c7f0104f184563298bcb39b00ff59/core.a(main.cpp.o) (init)
/Users/bears/Library/Caches/arduino/cores/e37c7f0104f184563298bcb39b00ff59/core.a(hooks.c.o)
                              /Users/bears/Library/Caches/arduino/cores/e37c7f0104f184563298bcb39b00ff59/core.a(wiring_time.c.o) (yield)
/Users/bears/Library/Caches/arduino/cores/e37c7f0104f184563298bcb39b00ff59/core.a(wiring_analog.c.o)
                              /Users/bears/Library/Caches/arduino/cores/e37c7f0104f184563298bcb39b00ff59/core.a(wiring_digital.c.o) (g_anOutputPinConfigured)
/Users/bears/Library/Arduino15/packages/STMicroelectronics/tools/xpack-arm-none-eabi-gcc/14.2.1-1.1/bin/../lib/gcc/arm-none-eabi/14.2.1/../../../../arm-none-eabi/lib/thumb/v7e-m/nofp/libc_nano.a(libc_a-atexit.o)
                              /Users/bears/Library/Arduino15/packages/STMicroelectronics/tools/xpack-arm-none-eabi-gcc/14.2.1-1.1/bin/../lib/gcc/arm-none-eabi/14.2.1/../../../../arm-none-eabi/lib/thumb/v7e-m/nofp/crt0.o (atexit)
/Users/bears/Library/Arduino15/packages/STMicroelectronics/tools/xpack-arm-none-eabi-gcc/14.2.1-1.1/bin/../lib/gcc/arm-none-eabi/14.2.1/../../../../arm-none-eabi/lib/thumb/v7e-m/nofp/libc_nano.a(libc_a-exit.o)
                              /Users/bears/Library/Arduino15/packages/STMicroelectronics/tools/xpack-arm-none-eabi-gcc/14.2.1-1.1/bin/../lib/gcc/arm-none-eabi/14.2.1/../../../../arm-none-eabi/lib/thumb/v7e-m/nofp/crt0.o (exit)
/Users/bears/Library/Arduino15/packages/STMicroelectronics/tools/xpack-arm-none-eabi-gcc/14.2.1-1.1/bin/../lib/gcc/arm-none-eabi/14.2.1/../../../../arm-none-eabi/lib/thumb/v7e-m/nofp/libc_nano.a(libc_a-malloc.o)
                              /Users/bears/Library/Caches/arduino/sketches/94A83AC9A8F134453052A5FA871634DF/libraries/SrcWrapper/new.cpp.o (malloc)
/Users/bears/Library/Arduino15/packages/STMicroelectronics/tools/xpack-arm-none-eabi-gcc/14.2.1-1.1/bin/../lib/gcc/arm-none-eabi/14.2.1/../../../../arm-none-eabi/lib/thumb/v7e-m/nofp/libc_nano.a(libc_a-mallocr.o)
                              /Users/bears/Library/Arduino15/packages/STMicroelectronics/tools/xpack-arm-none-eabi-gcc/14.2.1-1.1/bin/../lib/gcc/arm-none-eabi/14.2.1/../../../../arm-none-eabi/lib/thumb/v7e-m/nofp/libc_nano.a(libc_a-malloc.o) (_malloc_r)
/Users/bears/Library/Arduino15/packages/STMicroelectronics/tools/xpack-arm-none-eabi-gcc/14.2.1-1.1/bin/../lib/gcc/arm-none-eabi/14.2.1/../../../../arm-none-eabi/lib/thumb/v7e-m/nofp/libc_nano.a(libc_a-mlock.o)
                              /Users/bears/Library/Arduino15/packages/STMicroelectronics/tools/xpack-arm-none-eabi-gcc/14.2.1-1.1/bin/../lib/gcc/arm-none-eabi/14.2.1/../../../../arm-none-eabi/lib/thumb/v7e-m/nofp/libc_nano.a(libc_a-mallocr.o) (__malloc_lock)
/Users/bears/Library/Arduino15/packages/STMicroelectronics/tools/xpack-arm-none-eabi-gcc/14.2.1-1.1/bin/../lib/gcc/arm-none-eabi/14.2.1/../../../../arm-none-eabi/lib/thumb/v7e-m/nofp/libc_nano.a(libc_a-realloc.o)
[...]
Memory Configuration

Name             Origin             Length             Attributes
*default*        0x00000000         0xffffffff
RAM              0x20000000         0x00010000         xrw
FLASH            0x08000000         0x00040000         xr

Linker script and memory map

START GROUP
LOAD /Users/bears/Library/Caches/arduino/sketches/94A83AC9A8F134453052A5FA871634DF/sketch/lora_e5.ino.cpp.o
LOAD /Users/bears/Library/Caches/arduino/sketches/94A83AC9A8F134453052A5FA871634DF/sketch/requiredLibraries.cpp.o
LOAD /Users/bears/Library/Caches/arduino/sketches/94A83AC9A8F134453052A5FA871634DF/libraries/Wire/Wire.cpp.o
LOAD /Users/bears/Library/Caches/arduino/sketches/94A83AC9A8F134453052A5FA871634DF/libraries/Wire/utility/twi.c.o
LOAD /Users/bears/Library/Caches/arduino/sketches/94A83AC9A8F134453052A5FA871634DF/libraries/SrcWrapper/HAL/stm32yyxx_dlyb_core.c.o
LOAD /Users/bears/Library/Caches/arduino/sketches/94A83AC9A8F134453052A5FA871634DF/libraries/SrcWrapper/HAL/stm32yyxx_hal.c.o
LOAD /Users/bears/Library/Caches/arduino/sketches/94A83AC9A8F134453052A5FA871634DF/libraries/SrcWrapper/HAL/stm32yyxx_hal_adc.c.o
LOAD /Users/bears/Library/Caches/arduino/sketches/94A83AC9A8F134453052A5FA871634DF/libraries/SrcWrapper/HAL/stm32yyxx_hal_adc_ex.c.o
LOAD /Users/bears/Library/Caches/arduino/sketches/94A83AC9A8F134453052A5FA871634DF/libraries/SrcWrapper/HAL/stm32yyxx_hal_aes.c.o
LOAD /Users/bears/Library/Caches/arduino/sketches/94A83AC9A8F134453052A5FA871634DF/libraries/SrcWrapper/HAL/stm32yyxx_hal_can.c.o
LOAD /Users/bears/Library/Caches/arduino/sketches/94A83AC9A8F134453052A5FA871634DF/libraries/SrcWrapper/HAL/stm32yyxx_hal_ccb.c.o
LOAD /Users/bears/Library/Caches/arduino/sketches/94A83AC9A8F134453052A5FA871634DF/libraries/SrcWrapper/HAL/stm32yyxx_hal_cec.c.o
LOAD /Users/bears/Library/Caches/arduino/sketches/94A83AC9A8F134453052A5FA871634DF/libraries/SrcWrapper/HAL/stm32yyxx_hal_comp.c.o
LOAD /Users/bears/Library/Caches/arduino/sketches/94A83AC9A8F134453052A5FA871634DF/libraries/SrcWrapper/HAL/stm32yyxx_hal_comp_ex.c.o
LOAD /Users/bears/Library/Caches/arduino/sketches/94A83AC9A8F134453052A5FA871634DF/libraries/SrcWrapper/HAL/stm32yyxx_hal_cordic.c.o
LOAD /Users/bears/Library/Caches/arduino/sketches/94A83AC9A8F134453052A5FA871634DF/libraries/SrcWrapper/HAL/stm32yyxx_hal_cortex.c.o
LOAD /Users/bears/Library/Caches/arduino/sketches/94A83AC9A8F134453052A5FA871634DF/libraries/SrcWrapper/HAL/stm32yyxx_hal_crc.c.o
LOAD /Users/bears/Library/Caches/arduino/sketches/94A83AC9A8F134453052A5FA871634DF/libraries/SrcWrapper/HAL/stm32yyxx_hal_crc_ex.c.o
LOAD /Users/bears/Library/Caches/arduino/sketches/94A83AC9A8F134453052A5FA871634DF/libraries/SrcWrapper/HAL/stm32yyxx_hal_crs.c.o
LOAD /Users/bears/Library/Caches/arduino/sketches/94A83AC9A8F134453052A5FA871634DF/libraries/SrcWrapper/HAL/stm32yyxx_hal_cryp.c.o
LOAD /Users/bears/Library/Caches/arduino/sketches/94A83AC9A8F134453052A5FA871634DF/libraries/SrcWrapper/HAL/stm32yyxx_hal_cryp_ex.c.o
LOAD /Users/bears/Library/Caches/arduino/sketches/94A83AC9A8F134453052A5FA871634DF/libraries/SrcWrapper/HAL/stm32yyxx_hal_dac.c.o
LOAD /Users/bears/Library/Caches/arduino/sketches/94A83AC9A8F134453052A5FA871634DF/libraries/SrcWrapper/HAL/stm32yyxx_hal_dac_ex.c.o
LOAD /Users/bears/Library/Caches/arduino/sketches/94A83AC9A8F134453052A5FA871634DF/libraries/SrcWrapper/HAL/stm32yyxx_hal_dbgmcu.c.o
LOAD /Users/bears/Library/Caches/arduino/sketches/94A83AC9A8F134453052A5FA871634DF/libraries/SrcWrapper/HAL/stm32yyxx_hal_dcache.c.o
LOAD /Users/bears/Library/Caches/arduino/sketches/94A83AC9A8F134453052A5FA871634DF/libraries/SrcWrapper/HAL/stm32yyxx_hal_dcmi.c.o
LOAD /Users/bears/Library/Caches/arduino/sketches/94A83AC9A8F134453052A5FA871634DF/libraries/SrcWrapper/HAL/stm32yyxx_hal_dcmi_ex.c.o
LOAD /Users/bears/Library/Caches/arduino/sketches/94A83AC9A8F134453052A5FA871634DF/libraries/SrcWrapper/HAL/stm32yyxx_hal_dfsdm.c.o
LOAD /Users/bears/Library/Caches/arduino/sketches/94A83AC9A8F134453052A5FA871634DF/libraries/SrcWrapper/HAL/stm32yyxx_hal_dfsdm_ex.c.o
LOAD /Users/bears/Library/Caches/arduino/sketches/94A83AC9A8F134453052A5FA871634DF/libraries/SrcWrapper/HAL/stm32yyxx_hal_dma.c.o
LOAD /Users/bears/Library/Caches/arduino/sketches/94A83AC9A8F134453052A5FA871634DF/libraries/SrcWrapper/HAL/stm32yyxx_hal_dma2d.c.o
LOAD /Users/bears/Library/Caches/arduino/sketches/94A83AC9A8F134453052A5FA871634DF/libraries/SrcWrapper/HAL/stm32yyxx_hal_dma_ex.c.o
LOAD /Users/bears/Library/Caches/arduino/sketches/94A83AC9A8F134453052A5FA871634DF/libraries/SrcWrapper/HAL/stm32yyxx_hal_dsi.c.o
LOAD /Users/bears/Library/Caches/arduino/sketches/94A83AC9A8F134453052A5FA871634DF/libraries/SrcWrapper/HAL/stm32yyxx_hal_dts.c.o
LOAD /Users/bears/Library/Caches/arduino/sketches/94A83AC9A8F134453052A5FA871634DF/libraries/SrcWrapper/HAL/stm32yyxx_hal_eth.c.o
LOAD /Users/bears/Library/Caches/arduino/sketches/94A83AC9A8F134453052A5FA871634DF/libraries/SrcWrapper/HAL/stm32yyxx_hal_eth_ex.c.o
LOAD /Users/bears/Library/Caches/arduino/sketches/94A83AC9A8F134453052A5FA871634DF/libraries/SrcWrapper/HAL/stm32yyxx_hal_exti.c.o
LOAD /Users/bears/Library/Caches/arduino/sketches/94A83AC9A8F134453052A5FA871634DF/libraries/SrcWrapper/HAL/stm32yyxx_hal_fdcan.c.o
LOAD /Users/bears/Library/Caches/arduino/sketches/94A83AC9A8F134453052A5FA871634DF/libraries/SrcWrapper/HAL/stm32yyxx_hal_firewall.c.o
LOAD /Users/bears/Library/Caches/arduino/sketches/94A83AC9A8F134453052A5FA871634DF/libraries/SrcWrapper/HAL/stm32yyxx_hal_flash.c.o
LOAD /Users/bears/Library/Caches/arduino/sketches/94A83AC9A8F134453052A5FA871634DF/libraries/SrcWrapper/HAL/stm32yyxx_hal_flash_ex.c.o
LOAD /Users/bears/Library/Caches/arduino/sketches/94A83AC9A8F134453052A5FA871634DF/libraries/SrcWrapper/HAL/stm32yyxx_hal_flash_itf.c.o
LOAD /Users/bears/Library/Caches/arduino/sketches/94A83AC9A8F134453052A5FA871634DF/libraries/SrcWrapper/HAL/stm32yyxx_hal_flash_ramfunc.c.o
LOAD /Users/bears/Library/Caches/arduino/sketches/94A83AC9A8F134453052A5FA871634DF/libraries/SrcWrapper/HAL/stm32yyxx_hal_fmac.c.o
LOAD /Users/bears/Library/Caches/arduino/sketches/94A83AC9A8F134453052A5FA871634DF/libraries/SrcWrapper/HAL/stm32yyxx_hal_fmpi2c.c.o
LOAD /Users/bears/Library/Caches/arduino/sketches/94A83AC9A8F134453052A5FA871634DF/libraries/SrcWrapper/HAL/stm32yyxx_hal_fmpi2c_ex.c.o
LOAD /Users/bears/Library/Caches/arduino/sketches/94A83AC9A8F134453052A5FA871634DF/libraries/SrcWrapper/HAL/stm32yyxx_hal_fmpsmbus.c.o
LOAD /Users/bears/Library/Caches/arduino/sketches/94A83AC9A8F134453052A5FA871634DF/libraries/SrcWrapper/HAL/stm32yyxx_hal_fmpsmbus_ex.c.o
LOAD /Users/bears/Library/Caches/arduino/sketches/94A83AC9A8F134453052A5FA871634DF/libraries/SrcWrapper/HAL/stm32yyxx_hal_gfxmmu.c.o
LOAD /Users/bears/Library/Caches/arduino/sketches/94A83AC9A8F134453052A5FA871634DF/libraries/SrcWrapper/HAL/stm32yyxx_hal_gfxtim.c.o
LOAD /Users/bears/Library/Caches/arduino/sketches/94A83AC9A8F134453052A5FA871634DF/libraries/SrcWrapper/HAL/stm32yyxx_hal_gpio.c.o
LOAD /Users/bears/Library/Caches/arduino/sketches/94A83AC9A8F134453052A5FA871634DF/libraries/SrcWrapper/HAL/stm32yyxx_hal_gpio_ex.c.o
LOAD /Users/bears/Library/Caches/arduino/sketches/94A83AC9A8F134453052A5FA871634DF/libraries/SrcWrapper/HAL/stm32yyxx_hal_gpu2d.c.o
LOAD /Users/bears/Library/Caches/arduino/sketches/94A83AC9A8F134453052A5FA871634DF/libraries/SrcWrapper/HAL/stm32yyxx_hal_gtzc.c.o
LOAD /Users/bears/Library/Caches/arduino/sketches/94A83AC9A8F134453052A5FA871634DF/libraries/SrcWrapper/HAL/stm32yyxx_hal_hash.c.o
LOAD /Users/bears/Library/Caches/arduino/sketches/94A83AC9A8F134453052A5FA871634DF/libraries/SrcWrapper/HAL/stm32yyxx_hal_hash_ex.c.o
LOAD /Users/bears/Library/Caches/arduino/sketches/94A83AC9A8F134453052A5FA871634DF/libraries/SrcWrapper/HAL/stm32yyxx_hal_hcd.c.o
LOAD /Users/bears/Library/Caches/arduino/sketches/94A83AC9A8F134453052A5FA871634DF/libraries/SrcWrapper/HAL/stm32yyxx_hal_hrtim.c.o
LOAD /Users/bears/Library/Caches/arduino/sketches/94A83AC9A8F134453052A5FA871634DF/libraries/SrcWrapper/HAL/stm32yyxx_hal_hsem.c.o
LOAD /Users/bears/Library/Caches/arduino/sketches/94A83AC9A8F134453052A5FA871634DF/libraries/SrcWrapper/HAL/stm32yyxx_hal_hsp.c.o
LOAD /Users/bears/Library/Caches/arduino/sketches/94A83AC9A8F134453052A5FA871634DF/libraries/SrcWrapper/HAL/stm32yyxx_hal_i2c.c.o
LOAD /Users/bears/Library/Caches/arduino/sketches/94A83AC9A8F134453052A5FA871634DF/libraries/SrcWrapper/HAL/stm32yyxx_hal_i2c_ex.c.o
LOAD /Users/bears/Library/Caches/arduino/sketches/94A83AC9A8F134453052A5FA871634DF/libraries/SrcWrapper/HAL/stm32yyxx_hal_i2s.c.o
LOAD /Users/bears/Library/Caches/arduino/sketches/94A83AC9A8F134453052A5FA871634DF/libraries/SrcWrapper/HAL/stm32yyxx_hal_i2s_ex.c.o
LOAD /Users/bears/Library/Caches/arduino/sketches/94A83AC9A8F134453052A5FA871634DF/libraries/SrcWrapper/HAL/stm32yyxx_hal_i3c.c.o
LOAD /Users/bears/Library/Caches/arduino/sketches/94A83AC9A8F134453052A5FA871634DF/libraries/SrcWrapper/HAL/stm32yyxx_hal_icache.c.o
LOAD /Users/bears/Library/Caches/arduino/sketches/94A83AC9A8F134453052A5FA871634DF/libraries/SrcWrapper/HAL/stm32yyxx_hal_ipcc.c.o
LOAD /Users/bears/Library/Caches/arduino/sketches/94A83AC9A8F134453052A5FA871634DF/libraries/SrcWrapper/HAL/stm32yyxx_hal_irda.c.o
LOAD /Users/bears/Library/Caches/arduino/sketches/94A83AC9A8F134453052A5FA871634DF/libraries/SrcWrapper/HAL/stm32yyxx_hal_iwdg.c.o
LOAD /Users/bears/Library/Caches/arduino/sketches/94A83AC9A8F134453052A5FA871634DF/libraries/SrcWrapper/HAL/stm32yyxx_hal_jpeg.c.o
LOAD /Users/bears/Library/Caches/arduino/sketches/94A83AC9A8F134453052A5FA871634DF/libraries/SrcWrapper/HAL/stm32yyxx_hal_lcd.c.o
LOAD /Users/bears/Library/Caches/arduino/sketches/94A83AC9A8F134453052A5FA871634DF/libraries/SrcWrapper/HAL/stm32yyxx_hal_lpawur.c.o
LOAD /Users/bears/Library/Caches/arduino/sketches/94A83AC9A8F134453052A5FA871634DF/libraries/SrcWrapper/HAL/stm32yyxx_hal_lptim.c.o
LOAD /Users/bears/Library/Caches/arduino/sketches/94A83AC9A8F134453052A5FA871634DF/libraries/SrcWrapper/HAL/stm32yyxx_hal_ltdc.c.o
LOAD /Users/bears/Library/Caches/arduino/sketches/94A83AC9A8F134453052A5FA871634DF/libraries/SrcWrapper/HAL/stm32yyxx_hal_ltdc_ex.c.o
LOAD /Users/bears/Library/Caches/arduino/sketches/94A83AC9A8F134453052A5FA871634DF/libraries/SrcWrapper/HAL/stm32yyxx_hal_mdf.c.o
LOAD /Users/bears/Library/Caches/arduino/sketches/94A83AC9A8F134453052A5FA871634DF/libraries/SrcWrapper/HAL/stm32yyxx_hal_mdios.c.o
LOAD /Users/bears/Library/Caches/arduino/sketches/94A83AC9A8F134453052A5FA871634DF/libraries/SrcWrapper/HAL/stm32yyxx_hal_mdma.c.o
LOAD /Users/bears/Library/Caches/arduino/sketches/94A83AC9A8F134453052A5FA871634DF/libraries/SrcWrapper/HAL/stm32yyxx_hal_mmc.c.o
LOAD /Users/bears/Library/Caches/arduino/sketches/94A83AC9A8F134453052A5FA871634DF/libraries/SrcWrapper/HAL/stm32yyxx_hal_mmc_ex.c.o
LOAD /Users/bears/Library/Caches/arduino/sketches/94A83AC9A8F134453052A5FA871634DF/libraries/SrcWrapper/HAL/stm32yyxx_hal_mrsubg.c.o
LOAD /Users/bears/Library/Caches/arduino/sketches/94A83AC9A8F134453052A5FA871634DF/libraries/SrcWrapper/HAL/stm32yyxx_hal_mrsubg_timer.c.o
LOAD /Users/bears/Library/Caches/arduino/sketches/94A83AC9A8F134453052A5FA871634DF/libraries/SrcWrapper/HAL/stm32yyxx_hal_nand.c.o
LOAD /Users/bears/Library/Caches/arduino/sketches/94A83AC9A8F134453052A5FA871634DF/libraries/SrcWrapper/HAL/stm32yyxx_hal_nor.c.o
LOAD /Users/bears/Library/Caches/arduino/sketches/94A83AC9A8F134453052A5FA871634DF/libraries/SrcWrapper/HAL/stm32yyxx_hal_opamp.c.o
LOAD /Users/bears/Library/Caches/arduino/sketches/94A83AC9A8F134453052A5FA871634DF/libraries/SrcWrapper/HAL/stm32yyxx_hal_opamp_ex.c.o
LOAD /Users/bears/Library/Caches/arduino/sketches/94A83AC9A8F134453052A5FA871634DF/libraries/SrcWrapper/HAL/stm32yyxx_hal_ospi.c.o
LOAD /Users/bears/Library/Caches/arduino/sketches/94A83AC9A8F134453052A5FA871634DF/libraries/SrcWrapper/HAL/stm32yyxx_hal_otfdec.c.o
LOAD /Users/bears/Library/Caches/arduino/sketches/94A83AC9A8F134453052A5FA871634DF/libraries/SrcWrapper/HAL/stm32yyxx_hal_pccard.c.o
LOAD /Users/bears/Library/Caches/arduino/sketches/94A83AC9A8F134453052A5FA871634DF/libraries/SrcWrapper/HAL/stm32yyxx_hal_pcd.c.o
LOAD /Users/bears/Library/Caches/arduino/sketches/94A83AC9A8F134453052A5FA871634DF/libraries/SrcWrapper/HAL/stm32yyxx_hal_pcd_ex.c.o
LOAD /Users/bears/Library/Caches/arduino/sketches/94A83AC9A8F134453052A5FA871634DF/libraries/SrcWrapper/HAL/stm32yyxx_hal_pka.c.o
LOAD /Users/bears/Library/Caches/arduino/sketches/94A83AC9A8F134453052A5FA871634DF/libraries/SrcWrapper/HAL/stm32yyxx_hal_play.c.o
LOAD /Users/bears/Library/Caches/arduino/sketches/94A83AC9A8F134453052A5FA871634DF/libraries/SrcWrapper/HAL/stm32yyxx_hal_pssi.c.o
LOAD /Users/bears/Library/Caches/arduino/sketches/94A83AC9A8F134453052A5FA871634DF/libraries/SrcWrapper/HAL/stm32yyxx_hal_pwr.c.o
LOAD /Users/bears/Library/Caches/arduino/sketches/94A83AC9A8F134453052A5FA871634DF/libraries/SrcWrapper/HAL/stm32yyxx_hal_pwr_ex.c.o
LOAD /Users/bears/Library/Caches/arduino/sketches/94A83AC9A8F134453052A5FA871634DF/libraries/SrcWrapper/HAL/stm32yyxx_hal_q.c.o
LOAD /Users/bears/Library/Caches/arduino/sketches/94A83AC9A8F134453052A5FA871634DF/libraries/SrcWrapper/HAL/stm32yyxx_hal_qspi.c.o
LOAD /Users/bears/Library/Caches/arduino/sketches/94A83AC9A8F134453052A5FA871634DF/libraries/SrcWrapper/HAL/stm32yyxx_hal_radio.c.o
LOAD /Users/bears/Library/Caches/arduino/sketches/94A83AC9A8F134453052A5FA871634DF/libraries/SrcWrapper/HAL/stm32yyxx_hal_radio_timer.c.o
LOAD /Users/bears/Library/Caches/arduino/sketches/94A83AC9A8F134453052A5FA871634DF/libraries/SrcWrapper/HAL/stm32yyxx_hal_ramcfg.c.o
LOAD /Users/bears/Library/Caches/arduino/sketches/94A83AC9A8F134453052A5FA871634DF/libraries/SrcWrapper/HAL/stm32yyxx_hal_ramecc.c.o
LOAD /Users/bears/Library/Caches/arduino/sketches/94A83AC9A8F134453052A5FA871634DF/libraries/SrcWrapper/HAL/stm32yyxx_hal_rcc.c.o
LOAD /Users/bears/Library/Caches/arduino/sketches/94A83AC9A8F134453052A5FA871634DF/libraries/SrcWrapper/HAL/stm32yyxx_hal_rcc_ex.c.o
LOAD /Users/bears/Library/Caches/arduino/sketches/94A83AC9A8F134453052A5FA871634DF/libraries/SrcWrapper/HAL/stm32yyxx_hal_rng.c.o
LOAD /Users/bears/Library/Caches/arduino/sketches/94A83AC9A8F134453052A5FA871634DF/libraries/SrcWrapper/HAL/stm32yyxx_hal_rng_ex.c.o
LOAD /Users/bears/Library/Caches/arduino/sketches/94A83AC9A8F134453052A5FA871634DF/libraries/SrcWrapper/HAL/stm32yyxx_hal_rtc.c.o
LOAD /Users/bears/Library/Caches/arduino/sketches/94A83AC9A8F134453052A5FA871634DF/libraries/SrcWrapper/HAL/stm32yyxx_hal_rtc_ex.c.o
LOAD /Users/bears/Library/Caches/arduino/sketches/94A83AC9A8F134453052A5FA871634DF/libraries/SrcWrapper/HAL/stm32yyxx_hal_sai.c.o
LOAD /Users/bears/Library/Caches/arduino/sketches/94A83AC9A8F134453052A5FA871634DF/libraries/SrcWrapper/HAL/stm32yyxx_hal_sai_ex.c.o
LOAD /Users/bears/Library/Caches/arduino/sketches/94A83AC9A8F134453052A5FA871634DF/libraries/SrcWrapper/HAL/stm32yyxx_hal_sbs.c.o
LOAD /Users/bears/Library/Caches/arduino/sketches/94A83AC9A8F134453052A5FA871634DF/libraries/SrcWrapper/HAL/stm32yyxx_hal_sd.c.o
LOAD /Users/bears/Library/Caches/arduino/sketches/94A83AC9A8F134453052A5FA871634DF/libraries/SrcWrapper/HAL/stm32yyxx_hal_sd_ex.c.o
LOAD /Users/bears/Library/Caches/arduino/sketches/94A83AC9A8F134453052A5FA871634DF/libraries/SrcWrapper/HAL/stm32yyxx_hal_sdadc.c.o
LOAD /Users/bears/Library/Caches/arduino/sketches/94A83AC9A8F134453052A5FA871634DF/libraries/SrcWrapper/HAL/stm32yyxx_hal_sdio.c.o
LOAD /Users/bears/Library/Caches/arduino/sketches/94A83AC9A8F134453052A5FA871634DF/libraries/SrcWrapper/HAL/stm32yyxx_hal_sdram.c.o
LOAD /Users/bears/Library/Caches/arduino/sketches/94A83AC9A8F134453052A5FA871634DF/libraries/SrcWrapper/HAL/stm32yyxx_hal_smartcard.c.o
LOAD /Users/bears/Library/Caches/arduino/sketches/94A83AC9A8F134453052A5FA871634DF/libraries/SrcWrapper/HAL/stm32yyxx_hal_smartcard_ex.c.o
LOAD /Users/bears/Library/Caches/arduino/sketches/94A83AC9A8F134453052A5FA871634DF/libraries/SrcWrapper/HAL/stm32yyxx_hal_smbus.c.o
LOAD /Users/bears/Library/Caches/arduino/sketches/94A83AC9A8F134453052A5FA871634DF/libraries/SrcWrapper/HAL/stm32yyxx_hal_smbus_ex.c.o
LOAD /Users/bears/Library/Caches/arduino/sketches/94A83AC9A8F134453052A5FA871634DF/libraries/SrcWrapper/HAL/stm32yyxx_hal_spdifrx.c.o
LOAD /Users/bears/Library/Caches/arduino/sketches/94A83AC9A8F134453052A5FA871634DF/libraries/SrcWrapper/HAL/stm32yyxx_hal_spi.c.o
LOAD /Users/bears/Library/Caches/arduino/sketches/94A83AC9A8F134453052A5FA871634DF/libraries/SrcWrapper/HAL/stm32yyxx_hal_spi_ex.c.o
LOAD /Users/bears/Library/Caches/arduino/sketches/94A83AC9A8F134453052A5FA871634DF/libraries/SrcWrapper/HAL/stm32yyxx_hal_sram.c.o
LOAD /Users/bears/Library/Caches/arduino/sketches/94A83AC9A8F134453052A5FA871634DF/libraries/SrcWrapper/HAL/stm32yyxx_hal_subghz.c.o
LOAD /Users/bears/Library/Caches/arduino/sketches/94A83AC9A8F134453052A5FA871634DF/libraries/SrcWrapper/HAL/stm32yyxx_hal_swpmi.c.o
LOAD /Users/bears/Library/Caches/arduino/sketches/94A83AC9A8F134453052A5FA871634DF/libraries/SrcWrapper/HAL/stm32yyxx_hal_tamp.c.o
LOAD /Users/bears/Library/Caches/arduino/sketches/94A83AC9A8F134453052A5FA871634DF/libraries/SrcWrapper/HAL/stm32yyxx_hal_tim.c.o
LOAD /Users/bears/Library/Caches/arduino/sketches/94A83AC9A8F134453052A5FA871634DF/libraries/SrcWrapper/HAL/stm32yyxx_hal_tim_ex.c.o
LOAD /Users/bears/Library/Caches/arduino/sketches/94A83AC9A8F134453052A5FA871634DF/libraries/SrcWrapper/HAL/stm32yyxx_hal_tsc.c.o
LOAD /Users/bears/Library/Caches/arduino/sketches/94A83AC9A8F134453052A5FA871634DF/libraries/SrcWrapper/HAL/stm32yyxx_hal_uart.c.o
LOAD /Users/bears/Library/Caches/arduino/sketches/94A83AC9A8F134453052A5FA871634DF/libraries/SrcWrapper/HAL/stm32yyxx_hal_uart_ex.c.o
LOAD /Users/bears/Library/Caches/arduino/sketches/94A83AC9A8F134453052A5FA871634DF/libraries/SrcWrapper/HAL/stm32yyxx_hal_usart.c.o
LOAD /Users/bears/Library/Caches/arduino/sketches/94A83AC9A8F134453052A5FA871634DF/libraries/SrcWrapper/HAL/stm32yyxx_hal_usart_ex.c.o
LOAD /Users/bears/Library/Caches/arduino/sketches/94A83AC9A8F134453052A5FA871634DF/libraries/SrcWrapper/HAL/stm32yyxx_hal_wwdg.c.o
LOAD /Users/bears/Library/Caches/arduino/sketches/94A83AC9A8F134453052A5FA871634DF/libraries/SrcWrapper/HAL/stm32yyxx_hal_xspi.c.o
LOAD /Users/bears/Library/Caches/arduino/sketches/94A83AC9A8F134453052A5FA871634DF/libraries/SrcWrapper/HAL/stm32yyxx_usb_drd_core.c.o
LOAD /Users/bears/Library/Caches/arduino/sketches/94A83AC9A8F134453052A5FA871634DF/libraries/SrcWrapper/HAL/stm32yyxx_util_i3c.c.o
LOAD /Users/bears/Library/Caches/arduino/sketches/94A83AC9A8F134453052A5FA871634DF/libraries/SrcWrapper/HAL/stm32yyxx_utils_fdcan.c.o
LOAD /Users/bears/Library/Caches/arduino/sketches/94A83AC9A8F134453052A5FA871634DF/libraries/SrcWrapper/HAL/stm32yyxx_utils_i2c.c.o
LOAD /Users/bears/Library/Caches/arduino/sketches/94A83AC9A8F134453052A5FA871634DF/libraries/SrcWrapper/HAL/stm32yyxx_utils_i3c.c.o
LOAD /Users/bears/Library/Caches/arduino/sketches/94A83AC9A8F134453052A5FA871634DF/libraries/SrcWrapper/HardwareTimer.cpp.o
LOAD /Users/bears/Library/Caches/arduino/sketches/94A83AC9A8F134453052A5FA871634DF/libraries/SrcWrapper/LL/stm32yyxx_ll_adc.c.o
LOAD /Users/bears/Library/Caches/arduino/sketches/94A83AC9A8F134453052A5FA871634DF/libraries/SrcWrapper/LL/stm32yyxx_ll_bdma.c.o
LOAD /Users/bears/Library/Caches/arduino/sketches/94A83AC9A8F134453052A5FA871634DF/libraries/SrcWrapper/LL/stm32yyxx_ll_comp.c.o
LOAD /Users/bears/Library/Caches/arduino/sketches/94A83AC9A8F134453052A5FA871634DF/libraries/SrcWrapper/LL/stm32yyxx_ll_cordic.c.o
LOAD /Users/bears/Library/Caches/arduino/sketches/94A83AC9A8F134453052A5FA871634DF/libraries/SrcWrapper/LL/stm32yyxx_ll_crc.c.o
LOAD /Users/bears/Library/Caches/arduino/sketches/94A83AC9A8F134453052A5FA871634DF/libraries/SrcWrapper/LL/stm32yyxx_ll_crs.c.o
LOAD /Users/bears/Library/Caches/arduino/sketches/94A83AC9A8F134453052A5FA871634DF/libraries/SrcWrapper/LL/stm32yyxx_ll_dac.c.o
LOAD /Users/bears/Library/Caches/arduino/sketches/94A83AC9A8F134453052A5FA871634DF/libraries/SrcWrapper/LL/stm32yyxx_ll_delayblock.c.o
LOAD /Users/bears/Library/Caches/arduino/sketches/94A83AC9A8F134453052A5FA871634DF/libraries/SrcWrapper/LL/stm32yyxx_ll_dlyb.c.o
LOAD /Users/bears/Library/Caches/arduino/sketches/94A83AC9A8F134453052A5FA871634DF/libraries/SrcWrapper/LL/stm32yyxx_ll_dma.c.o
LOAD /Users/bears/Library/Caches/arduino/sketches/94A83AC9A8F134453052A5FA871634DF/libraries/SrcWrapper/LL/stm32yyxx_ll_dma2d.c.o
LOAD /Users/bears/Library/Caches/arduino/sketches/94A83AC9A8F134453052A5FA871634DF/libraries/SrcWrapper/LL/stm32yyxx_ll_exti.c.o
LOAD /Users/bears/Library/Caches/arduino/sketches/94A83AC9A8F134453052A5FA871634DF/libraries/SrcWrapper/LL/stm32yyxx_ll_fmac.c.o
LOAD /Users/bears/Library/Caches/arduino/sketches/94A83AC9A8F134453052A5FA871634DF/libraries/SrcWrapper/LL/stm32yyxx_ll_fmc.c.o
LOAD /Users/bears/Library/Caches/arduino/sketches/94A83AC9A8F134453052A5FA871634DF/libraries/SrcWrapper/LL/stm32yyxx_ll_fmpi2c.c.o
LOAD /Users/bears/Library/Caches/arduino/sketches/94A83AC9A8F134453052A5FA871634DF/libraries/SrcWrapper/LL/stm32yyxx_ll_fsmc.c.o
LOAD /Users/bears/Library/Caches/arduino/sketches/94A83AC9A8F134453052A5FA871634DF/libraries/SrcWrapper/LL/stm32yyxx_ll_gpio.c.o
LOAD /Users/bears/Library/Caches/arduino/sketches/94A83AC9A8F134453052A5FA871634DF/libraries/SrcWrapper/LL/stm32yyxx_ll_hrtim.c.o
LOAD /Users/bears/Library/Caches/arduino/sketches/94A83AC9A8F134453052A5FA871634DF/libraries/SrcWrapper/LL/stm32yyxx_ll_i2c.c.o
LOAD /Users/bears/Library/Caches/arduino/sketches/94A83AC9A8F134453052A5FA871634DF/libraries/SrcWrapper/LL/stm32yyxx_ll_i3c.c.o
LOAD /Users/bears/Library/Caches/arduino/sketches/94A83AC9A8F134453052A5FA871634DF/libraries/SrcWrapper/LL/stm32yyxx_ll_icache.c.o
LOAD /Users/bears/Library/Caches/arduino/sketches/94A83AC9A8F134453052A5FA871634DF/libraries/SrcWrapper/LL/stm32yyxx_ll_lcsc.c.o
LOAD /Users/bears/Library/Caches/arduino/sketches/94A83AC9A8F134453052A5FA871634DF/libraries/SrcWrapper/LL/stm32yyxx_ll_lpgpio.c.o
LOAD /Users/bears/Library/Caches/arduino/sketches/94A83AC9A8F134453052A5FA871634DF/libraries/SrcWrapper/LL/stm32yyxx_ll_lptim.c.o
LOAD /Users/bears/Library/Caches/arduino/sketches/94A83AC9A8F134453052A5FA871634DF/libraries/SrcWrapper/LL/stm32yyxx_ll_lpuart.c.o
LOAD /Users/bears/Library/Caches/arduino/sketches/94A83AC9A8F134453052A5FA871634DF/libraries/SrcWrapper/LL/stm32yyxx_ll_mdma.c.o
LOAD /Users/bears/Library/Caches/arduino/sketches/94A83AC9A8F134453052A5FA871634DF/libraries/SrcWrapper/LL/stm32yyxx_ll_opamp.c.o
LOAD /Users/bears/Library/Caches/arduino/sketches/94A83AC9A8F134453052A5FA871634DF/libraries/SrcWrapper/LL/stm32yyxx_ll_pka.c.o
LOAD /Users/bears/Library/Caches/arduino/sketches/94A83AC9A8F134453052A5FA871634DF/libraries/SrcWrapper/LL/stm32yyxx_ll_play.c.o
LOAD /Users/bears/Library/Caches/arduino/sketches/94A83AC9A8F134453052A5FA871634DF/libraries/SrcWrapper/LL/stm32yyxx_ll_pwr.c.o
LOAD /Users/bears/Library/Caches/arduino/sketches/94A83AC9A8F134453052A5FA871634DF/libraries/SrcWrapper/LL/stm32yyxx_ll_rcc.c.o
LOAD /Users/bears/Library/Caches/arduino/sketches/94A83AC9A8F134453052A5FA871634DF/libraries/SrcWrapper/LL/stm32yyxx_ll_rng.c.o
LOAD /Users/bears/Library/Caches/arduino/sketches/94A83AC9A8F134453052A5FA871634DF/libraries/SrcWrapper/LL/stm32yyxx_ll_rtc.c.o
LOAD /Users/bears/Library/Caches/arduino/sketches/94A83AC9A8F134453052A5FA871634DF/libraries/SrcWrapper/LL/stm32yyxx_ll_sdmmc.c.o
LOAD /Users/bears/Library/Caches/arduino/sketches/94A83AC9A8F134453052A5FA871634DF/libraries/SrcWrapper/LL/stm32yyxx_ll_spi.c.o
LOAD /Users/bears/Library/Caches/arduino/sketches/94A83AC9A8F134453052A5FA871634DF/libraries/SrcWrapper/LL/stm32yyxx_ll_swpmi.c.o
LOAD /Users/bears/Library/Caches/arduino/sketches/94A83AC9A8F134453052A5FA871634DF/libraries/SrcWrapper/LL/stm32yyxx_ll_system.c.o
LOAD /Users/bears/Library/Caches/arduino/sketches/94A83AC9A8F134453052A5FA871634DF/libraries/SrcWrapper/LL/stm32yyxx_ll_tim.c.o
LOAD /Users/bears/Library/Caches/arduino/sketches/94A83AC9A8F134453052A5FA871634DF/libraries/SrcWrapper/LL/stm32yyxx_ll_ucpd.c.o
LOAD /Users/bears/Library/Caches/arduino/sketches/94A83AC9A8F134453052A5FA871634DF/libraries/SrcWrapper/LL/stm32yyxx_ll_usart.c.o
LOAD /Users/bears/Library/Caches/arduino/sketches/94A83AC9A8F134453052A5FA871634DF/libraries/SrcWrapper/LL/stm32yyxx_ll_usb.c.o
LOAD /Users/bears/Library/Caches/arduino/sketches/94A83AC9A8F134453052A5FA871634DF/libraries/SrcWrapper/LL/stm32yyxx_ll_utils.c.o
LOAD /Users/bears/Library/Caches/arduino/sketches/94A83AC9A8F134453052A5FA871634DF/libraries/SrcWrapper/new.cpp.o
LOAD /Users/bears/Library/Caches/arduino/sketches/94A83AC9A8F134453052A5FA871634DF/libraries/SrcWrapper/stm32/PortNames.c.o
LOAD /Users/bears/Library/Caches/arduino/sketches/94A83AC9A8F134453052A5FA871634DF/libraries/SrcWrapper/stm32/analog.cpp.o
LOAD /Users/bears/Library/Caches/arduino/sketches/94A83AC9A8F134453052A5FA871634DF/libraries/SrcWrapper/stm32/bootloader.c.o
LOAD /Users/bears/Library/Caches/arduino/sketches/94A83AC9A8F134453052A5FA871634DF/libraries/SrcWrapper/stm32/clock.c.o
LOAD /Users/bears/Library/Caches/arduino/sketches/94A83AC9A8F134453052A5FA871634DF/libraries/SrcWrapper/stm32/core_callback.c.o
LOAD /Users/bears/Library/Caches/arduino/sketches/94A83AC9A8F134453052A5FA871634DF/libraries/SrcWrapper/stm32/dwt.c.o
LOAD /Users/bears/Library/Caches/arduino/sketches/94A83AC9A8F134453052A5FA871634DF/libraries/SrcWrapper/stm32/hw_config.c.o
LOAD /Users/bears/Library/Caches/arduino/sketches/94A83AC9A8F134453052A5FA871634DF/libraries/SrcWrapper/stm32/interrupt.cpp.o
LOAD /Users/bears/Library/Caches/arduino/sketches/94A83AC9A8F134453052A5FA871634DF/libraries/SrcWrapper/stm32/otp.c.o
LOAD /Users/bears/Library/Caches/arduino/sketches/94A83AC9A8F134453052A5FA871634DF/libraries/SrcWrapper/stm32/pinmap.c.o
LOAD /Users/bears/Library/Caches/arduino/sketches/94A83AC9A8F134453052A5FA871634DF/libraries/SrcWrapper/stm32/stm32_def.c.o
LOAD /Users/bears/Library/Caches/arduino/sketches/94A83AC9A8F134453052A5FA871634DF/libraries/SrcWrapper/stm32/system_stm32yyxx.c.o
LOAD /Users/bears/Library/Caches/arduino/sketches/94A83AC9A8F134453052A5FA871634DF/libraries/SrcWrapper/stm32/timer.c.o
LOAD /Users/bears/Library/Caches/arduino/sketches/94A83AC9A8F134453052A5FA871634DF/libraries/SrcWrapper/stm32/uart.c.o
LOAD /Users/bears/Library/Caches/arduino/sketches/94A83AC9A8F134453052A5FA871634DF/libraries/SrcWrapper/syscalls.c.o
LOAD /Users/bears/Library/Caches/arduino/sketches/94A83AC9A8F134453052A5FA871634DF/core/PeripheralPins.c.o
LOAD /Users/bears/Library/Caches/arduino/sketches/94A83AC9A8F134453052A5FA871634DF/core/PeripheralPins_ELV_BM_TRX1.c.o
LOAD /Users/bears/Library/Caches/arduino/sketches/94A83AC9A8F134453052A5FA871634DF/core/PeripheralPins_LORA_E5_MINI.c.o
LOAD /Users/bears/Library/Caches/arduino/sketches/94A83AC9A8F134453052A5FA871634DF/core/generic_clock.c.o
LOAD /Users/bears/Library/Caches/arduino/sketches/94A83AC9A8F134453052A5FA871634DF/core/variant_ELV_BM_TRX1.cpp.o
LOAD /Users/bears/Library/Caches/arduino/sketches/94A83AC9A8F134453052A5FA871634DF/core/variant_LORA_E5_MINI.cpp.o
LOAD /Users/bears/Library/Caches/arduino/sketches/94A83AC9A8F134453052A5FA871634DF/core/variant_NUCLEO_WL55JC1.cpp.o
LOAD /Users/bears/Library/Caches/arduino/sketches/94A83AC9A8F134453052A5FA871634DF/core/variant_generic.cpp.o
LOAD /Users/bears/Library/Caches/arduino/cores/e37c7f0104f184563298bcb39b00ff59/core.a
LOAD /Users/bears/Library/Arduino15/packages/STMicroelectronics/tools/xpack-arm-none-eabi-gcc/14.2.1-1.1/bin/../lib/gcc/arm-none-eabi/14.2.1/../../../../arm-none-eabi/lib/thumb/v7e-m/nofp/libc_nano.a
END GROUP
LOAD /Users/bears/Library/Arduino15/packages/STMicroelectronics/tools/xpack-arm-none-eabi-gcc/14.2.1-1.1/bin/../lib/gcc/arm-none-eabi/14.2.1/../../../../arm-none-eabi/lib/thumb/v7e-m/nofp/libm.a
LOAD /Users/bears/Library/Arduino15/packages/STMicroelectronics/tools/xpack-arm-none-eabi-gcc/14.2.1-1.1/bin/../lib/gcc/arm-none-eabi/14.2.1/thumb/v7e-m/nofp/libgcc.a
LOAD /Users/bears/Library/Arduino15/packages/STMicroelectronics/tools/xpack-arm-none-eabi-gcc/14.2.1-1.1/bin/../lib/gcc/arm-none-eabi/14.2.1/../../../../arm-none-eabi/lib/thumb/v7e-m/nofp/libstdc++_nano.a
START GROUP
LOAD /Users/bears/Library/Arduino15/packages/STMicroelectronics/tools/xpack-arm-none-eabi-gcc/14.2.1-1.1/bin/../lib/gcc/arm-none-eabi/14.2.1/thumb/v7e-m/nofp/libgcc.a
LOAD /Users/bears/Library/Arduino15/packages/STMicroelectronics/tools/xpack-arm-none-eabi-gcc/14.2.1-1.1/bin/../lib/gcc/arm-none-eabi/14.2.1/../../../../arm-none-eabi/lib/thumb/v7e-m/nofp/libc_nano.a
END GROUP
START GROUP
LOAD /Users/bears/Library/Arduino15/packages/STMicroelectronics/tools/xpack-arm-none-eabi-gcc/14.2.1-1.1/bin/../lib/gcc/arm-none-eabi/14.2.1/thumb/v7e-m/nofp/libgcc.a
LOAD /Users/bears/Library/Arduino15/packages/STMicroelectronics/tools/xpack-arm-none-eabi-gcc/14.2.1-1.1/bin/../lib/gcc/arm-none-eabi/14.2.1/../../../../arm-none-eabi/lib/thumb/v7e-m/nofp/libc_nano.a
END GROUP
LOAD /Users/bears/Library/Arduino15/packages/STMicroelectronics/tools/xpack-arm-none-eabi-gcc/14.2.1-1.1/bin/../lib/gcc/arm-none-eabi/14.2.1/thumb/v7e-m/nofp/crtend.o
LOAD /Users/bears/Library/Arduino15/packages/STMicroelectronics/tools/xpack-arm-none-eabi-gcc/14.2.1-1.1/bin/../lib/gcc/arm-none-eabi/14.2.1/thumb/v7e-m/nofp/crtn.o
                0x20010000                        _estack = (ORIGIN (RAM) + LENGTH (RAM))
                0x00000200                        _Min_Heap_Size = 0x200
                0x00000400                        _Min_Stack_Size = 0x400

.isr_vector     0x08000000      0x138
                0x08000000                        . = ALIGN (0x4)
 *(.isr_vector)
 .isr_vector    0x08000000      0x138 /Users/bears/Library/Caches/arduino/cores/e37c7f0104f184563298bcb39b00ff59/core.a(startup_stm32yyxx.S.o)
                0x08000000                g_pfnVectors
                0x08000138                        . = ALIGN (0x4)

.text           0x08000138     0x671c
                0x08000138                        . = ALIGN (0x4)
 *(.text)
 .text          0x08000138       0x10 /Users/bears/Library/Arduino15/packages/STMicroelectronics/tools/xpack-arm-none-eabi-gcc/14.2.1-1.1/bin/../lib/gcc/arm-none-eabi/14.2.1/../../../../arm-none-eabi/lib/thumb/v7e-m/nofp/libc_nano.a(libc_a-strlen.o)
                0x08000138                strlen
 .text          0x08000148       0x30 /Users/bears/Library/Arduino15/packages/STMicroelectronics/tools/xpack-arm-none-eabi-gcc/14.2.1-1.1/bin/../lib/gcc/arm-none-eabi/14.2.1/thumb/v7e-m/nofp/libgcc.a(_aeabi_uldivmod.o)
                0x08000148                __aeabi_uldivmod
 .text          0x08000178        0x4 /Users/bears/Library/Arduino15/packages/STMicroelectronics/tools/xpack-arm-none-eabi-gcc/14.2.1-1.1/bin/../lib/gcc/arm-none-eabi/14.2.1/thumb/v7e-m/nofp/libgcc.a(_dvmd_tls.o)
                0x08000178                __aeabi_ldiv0
                0x08000178                __aeabi_idiv0
 *(.text*)
 .text.__do_global_dtors_aux
                0x0800017c       0x24 /Users/bears/Library/Arduino15/packages/STMicroelectronics/tools/xpack-arm-none-eabi-gcc/14.2.1-1.1/bin/../lib/gcc/arm-none-eabi/14.2.1/thumb/v7e-m/nofp/crtbegin.o
 .text.frame_dummy
                0x080001a0       0x1c /Users/bears/Library/Arduino15/packages/STMicroelectronics/tools/xpack-arm-none-eabi-gcc/14.2.1-1.1/bin/../lib/gcc/arm-none-eabi/14.2.1/thumb/v7e-m/nofp/crtbegin.o
 .text.loop     0x080001bc       0xa4 /Users/bears/Library/Caches/arduino/sketches/94A83AC9A8F134453052A5FA871634DF/sketch/lora_e5.ino.cpp.o
                0x080001bc                loop
 .text.setup    0x08000260       0x30 /Users/bears/Library/Caches/arduino/sketches/94A83AC9A8F134453052A5FA871634DF/sketch/lora_e5.ino.cpp.o
                0x08000260                setup
 .text._ZN7arduino5Print17availableForWriteEv
                0x08000290        0x4 /Users/bears/Library/Caches/arduino/sketches/94A83AC9A8F134453052A5FA871634DF/libraries/Wire/Wire.cpp.o
                0x08000290                arduino::Print::availableForWrite()
 .text._ZN7TwoWire11requestFromEhj
                0x08000294        0xe /Users/bears/Library/Caches/arduino/sketches/94A83AC9A8F134453052A5FA871634DF/libraries/Wire/Wire.cpp.o
                0x08000294                TwoWire::requestFrom(unsigned char, unsigned int)
 .text._ZN7TwoWire17beginTransmissionEh
                0x080002a2       0x10 /Users/bears/Library/Caches/arduino/sketches/94A83AC9A8F134453052A5FA871634DF/libraries/Wire/Wire.cpp.o
                0x080002a2                TwoWire::beginTransmission(unsigned char)
 .text._ZN7TwoWire15endTransmissionEv
                0x080002b2        0x8 /Users/bears/Library/Caches/arduino/sketches/94A83AC9A8F134453052A5FA871634DF/libraries/Wire/Wire.cpp.o
                0x080002b2                TwoWire::endTransmission()
 .text._ZN7TwoWire9availableEv
                0x080002ba        0x8 /Users/bears/Library/Caches/arduino/sketches/94A83AC9A8F134453052A5FA871634DF/libraries/Wire/Wire.cpp.o
                0x080002ba                TwoWire::available()
 .text._ZN7TwoWire4readEv
                0x080002c2       0x1a /Users/bears/Library/Caches/arduino/sketches/94A83AC9A8F134453052A5FA871634DF/libraries/Wire/Wire.cpp.o
                0x080002c2                TwoWire::read()
 .text._ZN7TwoWire4peekEv
                0x080002dc       0x12 /Users/bears/Library/Caches/arduino/sketches/94A83AC9A8F134453052A5FA871634DF/libraries/Wire/Wire.cpp.o
                0x080002dc                TwoWire::peek()
 .text._ZN7TwoWire3endEv
                0x080002ee       0x28 /Users/bears/Library/Caches/arduino/sketches/94A83AC9A8F134453052A5FA871634DF/libraries/Wire/Wire.cpp.o
                0x080002ee                TwoWire::end()
 *fill*         0x08000316        0x2 
 .text._ZN7TwoWire8setClockEm
                0x08000318       0x34 /Users/bears/Library/Caches/arduino/sketches/94A83AC9A8F134453052A5FA871634DF/libraries/Wire/Wire.cpp.o
                0x08000318                TwoWire::setClock(unsigned long)
 .text._ZN7TwoWire16onRequestServiceEP5i2c_s
                0x0800034c       0x16 /Users/bears/Library/Caches/arduino/sketches/94A83AC9A8F134453052A5FA871634DF/libraries/Wire/Wire.cpp.o
                0x0800034c                TwoWire::onRequestService(i2c_s*)
 .text._ZNSt17_Function_handlerIFvvEPS0_E10_M_managerERSt9_Any_dataRKS3_St18_Manager_operation
                0x08000362       0x20 /Users/bears/Library/Caches/arduino/sketches/94A83AC9A8F134453052A5FA871634DF/libraries/Wire/Wire.cpp.o
                0x08000362                std::_Function_handler<void (), void (*)()>::_M_manager(std::_Any_data&, std::_Any_data const&, std::_Manager_operation)
 .text._ZNSt17_Function_handlerIFvvEPS0_E9_M_invokeERKSt9_Any_data
                0x08000382        0x4 /Users/bears/Library/Caches/arduino/sketches/94A83AC9A8F134453052A5FA871634DF/libraries/Wire/Wire.cpp.o
                0x08000382                std::_Function_handler<void (), void (*)()>::_M_invoke(std::_Any_data const&)
 .text._ZNSt17_Function_handlerIFviEPS0_E10_M_managerERSt9_Any_dataRKS3_St18_Manager_operation
                0x08000386       0x20 /Users/bears/Library/Caches/arduino/sketches/94A83AC9A8F134453052A5FA871634DF/libraries/Wire/Wire.cpp.o
                0x08000386                std::_Function_handler<void (int), void (*)(int)>::_M_manager(std::_Any_data&, std::_Any_data const&, std::_Manager_operation)
 .text._ZNSt17_Function_handlerIFviEPS0_E9_M_invokeERKSt9_Any_dataOi
                0x080003a6        0x6 /Users/bears/Library/Caches/arduino/sketches/94A83AC9A8F134453052A5FA871634DF/libraries/Wire/Wire.cpp.o
                0x080003a6                std::_Function_handler<void (int), void (*)(int)>::_M_invoke(std::_Any_data const&, int&&)
 .text._ZNSt14_Function_baseD2Ev
                0x080003ac       0x12 /Users/bears/Library/Caches/arduino/sketches/94A83AC9A8F134453052A5FA871634DF/libraries/Wire/Wire.cpp.o
                0x080003ac                std::_Function_base::~_Function_base()
                0x080003ac                std::_Function_base::~_Function_base()
 *fill*         0x080003be        0x2 
 .text._ZN7TwoWire9onRequestEPFvvE
                0x080003c0       0x64 /Users/bears/Library/Caches/arduino/sketches/94A83AC9A8F134453052A5FA871634DF/libraries/Wire/Wire.cpp.o
                0x080003c0                TwoWire::onRequest(void (*)())
 .text._ZN7TwoWire9onReceiveEPFviE
                0x08000424       0x64 /Users/bears/Library/Caches/arduino/sketches/94A83AC9A8F134453052A5FA871634DF/libraries/Wire/Wire.cpp.o
                0x08000424                TwoWire::onReceive(void (*)(int))
 .text._ZN7TwoWireC2Emm
                0x08000488       0xcc /Users/bears/Library/Caches/arduino/sketches/94A83AC9A8F134453052A5FA871634DF/libraries/Wire/Wire.cpp.o
                0x08000488                TwoWire::TwoWire(unsigned long, unsigned long)
                0x08000488                TwoWire::TwoWire(unsigned long, unsigned long)
 .text._ZN7TwoWireD2Ev
                0x08000554       0x28 /Users/bears/Library/Caches/arduino/sketches/94A83AC9A8F134453052A5FA871634DF/libraries/Wire/Wire.cpp.o
                0x08000554                TwoWire::~TwoWire()
                0x08000554                TwoWire::~TwoWire()
 .text._ZN7TwoWire16allocateRxBufferEj
                0x0800057c       0x24 /Users/bears/Library/Caches/arduino/sketches/94A83AC9A8F134453052A5FA871634DF/libraries/Wire/Wire.cpp.o
                0x0800057c                TwoWire::allocateRxBuffer(unsigned int)
 .text._ZN7TwoWire11requestFromEhjmhb
                0x080005a0       0x92 /Users/bears/Library/Caches/arduino/sketches/94A83AC9A8F134453052A5FA871634DF/libraries/Wire/Wire.cpp.o
                0x080005a0                TwoWire::requestFrom(unsigned char, unsigned int, unsigned long, unsigned char, bool)
 .text._ZN7TwoWire11requestFromEhjb
                0x08000632       0x12 /Users/bears/Library/Caches/arduino/sketches/94A83AC9A8F134453052A5FA871634DF/libraries/Wire/Wire.cpp.o
                0x08000632                TwoWire::requestFrom(unsigned char, unsigned int, bool)
 .text._ZN7TwoWire16onReceiveServiceEP5i2c_s
                0x08000644       0x4c /Users/bears/Library/Caches/arduino/sketches/94A83AC9A8F134453052A5FA871634DF/libraries/Wire/Wire.cpp.o
                0x08000644                TwoWire::onReceiveService(i2c_s*)
 .text._ZN7TwoWire16allocateTxBufferEj
                0x08000690       0x32 /Users/bears/Library/Caches/arduino/sketches/94A83AC9A8F134453052A5FA871634DF/libraries/Wire/Wire.cpp.o
                0x08000690                TwoWire::allocateTxBuffer(unsigned int)
 .text._ZN7TwoWire5writeEh
                0x080006c2       0x42 /Users/bears/Library/Caches/arduino/sketches/94A83AC9A8F134453052A5FA871634DF/libraries/Wire/Wire.cpp.o
                0x080006c2                TwoWire::write(unsigned char)
 .text._ZN7TwoWire5writeEPKhj
                0x08000704       0x42 /Users/bears/Library/Caches/arduino/sketches/94A83AC9A8F134453052A5FA871634DF/libraries/Wire/Wire.cpp.o
                0x08000704                TwoWire::write(unsigned char const*, unsigned int)
 .text._ZN7TwoWire13resetRxBufferEv
                0x08000746       0x10 /Users/bears/Library/Caches/arduino/sketches/94A83AC9A8F134453052A5FA871634DF/libraries/Wire/Wire.cpp.o
                0x08000746                TwoWire::resetRxBuffer()
 .text._ZN7TwoWire13resetTxBufferEv
                0x08000756       0x10 /Users/bears/Library/Caches/arduino/sketches/94A83AC9A8F134453052A5FA871634DF/libraries/Wire/Wire.cpp.o
                0x08000756                TwoWire::resetTxBuffer()
 .text._ZN7TwoWire15endTransmissionEb
                0x08000766       0x42 /Users/bears/Library/Caches/arduino/sketches/94A83AC9A8F134453052A5FA871634DF/libraries/Wire/Wire.cpp.o
                0x08000766                TwoWire::endTransmission(bool)
 .text._ZN7TwoWire5flushEv
                0x080007a8       0x18 /Users/bears/Library/Caches/arduino/sketches/94A83AC9A8F134453052A5FA871634DF/libraries/Wire/Wire.cpp.o
                0x080007a8                TwoWire::flush()
 .text._ZN7TwoWire10recoverBusEv
                0x080007c0       0xc0 /Users/bears/Library/Caches/arduino/sketches/94A83AC9A8F134453052A5FA871634DF/libraries/Wire/Wire.cpp.o
                0x080007c0                TwoWire::recoverBus()
 .text._ZN7TwoWire5beginEhbb
                0x08000880       0x9c /Users/bears/Library/Caches/arduino/sketches/94A83AC9A8F134453052A5FA871634DF/libraries/Wire/Wire.cpp.o
                0x08000880                TwoWire::begin(unsigned char, bool, bool)
 .text._ZN7TwoWire5beginEb
                0x0800091c        0xa /Users/bears/Library/Caches/arduino/sketches/94A83AC9A8F134453052A5FA871634DF/libraries/Wire/Wire.cpp.o
                0x0800091c                TwoWire::begin(bool)
 .text._ZN7TwoWire5beginEv
                0x08000926        0x6 /Users/bears/Library/Caches/arduino/sketches/94A83AC9A8F134453052A5FA871634DF/libraries/Wire/Wire.cpp.o
                0x08000926                TwoWire::begin()
 .text._ZN7TwoWire5beginEh
                0x0800092c        0x8 /Users/bears/Library/Caches/arduino/sketches/94A83AC9A8F134453052A5FA871634DF/libraries/Wire/Wire.cpp.o
                0x0800092c                TwoWire::begin(unsigned char)
 .text.startup._GLOBAL__sub_I__ZN7TwoWireC2Emm
                0x08000934       0x10 /Users/bears/Library/Caches/arduino/sketches/94A83AC9A8F134453052A5FA871634DF/libraries/Wire/Wire.cpp.o
 .text.exit._GLOBAL__sub_D__ZN7TwoWireC2Emm
                0x08000944        0xc /Users/bears/Library/Caches/arduino/sketches/94A83AC9A8F134453052A5FA871634DF/libraries/Wire/Wire.cpp.o
 .text.LL_APB1_GRP1_EnableClock
                0x08000950       0x18 /Users/bears/Library/Caches/arduino/sketches/94A83AC9A8F134453052A5FA871634DF/libraries/Wire/utility/twi.c.o
 .text.i2c_computeTiming
                0x08000968      0x1ec /Users/bears/Library/Caches/arduino/sketches/94A83AC9A8F134453052A5FA871634DF/libraries/Wire/utility/twi.c.o
 .text.i2c_getClkFreq
                0x08000b54       0xe0 /Users/bears/Library/Caches/arduino/sketches/94A83AC9A8F134453052A5FA871634DF/libraries/Wire/utility/twi.c.o
 .text.i2c_getTiming
                0x08000c34       0x48 /Users/bears/Library/Caches/arduino/sketches/94A83AC9A8F134453052A5FA871634DF/libraries/Wire/utility/twi.c.o
 .text.i2c_init
                0x08000c7c      0x164 /Users/bears/Library/Caches/arduino/sketches/94A83AC9A8F134453052A5FA871634DF/libraries/Wire/utility/twi.c.o
                0x08000c7c                i2c_init
 .text.i2c_deinit
                0x08000de0       0xa0 /Users/bears/Library/Caches/arduino/sketches/94A83AC9A8F134453052A5FA871634DF/libraries/Wire/utility/twi.c.o
                0x08000de0                i2c_deinit
 .text.i2c_setTiming
                0x08000e80       0x20 /Users/bears/Library/Caches/arduino/sketches/94A83AC9A8F134453052A5FA871634DF/libraries/Wire/utility/twi.c.o
                0x08000e80                i2c_setTiming
 .text.i2c_slave_write_IT
                0x08000ea0       0x34 /Users/bears/Library/Caches/arduino/sketches/94A83AC9A8F134453052A5FA871634DF/libraries/Wire/utility/twi.c.o
                0x08000ea0                i2c_slave_write_IT
 .text.i2c_master_read
                0x08000ed4       0x8e /Users/bears/Library/Caches/arduino/sketches/94A83AC9A8F134453052A5FA871634DF/libraries/Wire/utility/twi.c.o
                0x08000ed4                i2c_master_read
 .text.i2c_IsDeviceReady
                0x08000f62       0x3e /Users/bears/Library/Caches/arduino/sketches/94A83AC9A8F134453052A5FA871634DF/libraries/Wire/utility/twi.c.o
                0x08000f62                i2c_IsDeviceReady
 .text.i2c_master_write
                0x08000fa0       0xa2 /Users/bears/Library/Caches/arduino/sketches/94A83AC9A8F134453052A5FA871634DF/libraries/Wire/utility/twi.c.o
                0x08000fa0                i2c_master_write
 .text.i2c_attachSlaveRxEvent
                0x08001042        0xe /Users/bears/Library/Caches/arduino/sketches/94A83AC9A8F134453052A5FA871634DF/libraries/Wire/utility/twi.c.o
                0x08001042                i2c_attachSlaveRxEvent
 .text.i2c_attachSlaveTxEvent
                0x08001050        0xe /Users/bears/Library/Caches/arduino/sketches/94A83AC9A8F134453052A5FA871634DF/libraries/Wire/utility/twi.c.o
                0x08001050                i2c_attachSlaveTxEvent
 .text.HAL_I2C_AddrCallback
                0x0800105e       0x70 /Users/bears/Library/Caches/arduino/sketches/94A83AC9A8F134453052A5FA871634DF/libraries/Wire/utility/twi.c.o
                0x0800105e                HAL_I2C_AddrCallback
 .text.HAL_I2C_ListenCpltCallback
                0x080010ce       0x2a /Users/bears/Library/Caches/arduino/sketches/94A83AC9A8F134453052A5FA871634DF/libraries/Wire/utility/twi.c.o
                0x080010ce                HAL_I2C_ListenCpltCallback
 .text.HAL_I2C_SlaveRxCpltCallback
                0x080010f8       0x26 /Users/bears/Library/Caches/arduino/sketches/94A83AC9A8F134453052A5FA871634DF/libraries/Wire/utility/twi.c.o
                0x080010f8                HAL_I2C_SlaveRxCpltCallback
 .text.HAL_I2C_SlaveTxCpltCallback
                0x0800111e        0x8 /Users/bears/Library/Caches/arduino/sketches/94A83AC9A8F134453052A5FA871634DF/libraries/Wire/utility/twi.c.o
                0x0800111e                HAL_I2C_SlaveTxCpltCallback
 .text.HAL_I2C_ErrorCallback
                0x08001126        0xc /Users/bears/Library/Caches/arduino/sketches/94A83AC9A8F134453052A5FA871634DF/libraries/Wire/utility/twi.c.o
                0x08001126                HAL_I2C_ErrorCallback
 *fill*         0x08001132        0x2 
 .text.I2C1_EV_IRQHandler
                0x08001134        0xc /Users/bears/Library/Caches/arduino/sketches/94A83AC9A8F134453052A5FA871634DF/libraries/Wire/utility/twi.c.o
                0x08001134                I2C1_EV_IRQHandler
 .text.I2C1_ER_IRQHandler
                0x08001140        0xc /Users/bears/Library/Caches/arduino/sketches/94A83AC9A8F134453052A5FA871634DF/libraries/Wire/utility/twi.c.o
                0x08001140                I2C1_ER_IRQHandler
 .text.I2C2_EV_IRQHandler
                0x0800114c        0xc /Users/bears/Library/Caches/arduino/sketches/94A83AC9A8F134453052A5FA871634DF/libraries/Wire/utility/twi.c.o
                0x0800114c                I2C2_EV_IRQHandler
 .text.I2C2_ER_IRQHandler
                0x08001158        0xc /Users/bears/Library/Caches/arduino/sketches/94A83AC9A8F134453052A5FA871634DF/libraries/Wire/utility/twi.c.o
                0x08001158                I2C2_ER_IRQHandler
 .text.I2C3_EV_IRQHandler
                0x08001164        0xc /Users/bears/Library/Caches/arduino/sketches/94A83AC9A8F134453052A5FA871634DF/libraries/Wire/utility/twi.c.o
                0x08001164                I2C3_EV_IRQHandler
 .text.I2C3_ER_IRQHandler
                0x08001170        0xc /Users/bears/Library/Caches/arduino/sketches/94A83AC9A8F134453052A5FA871634DF/libraries/Wire/utility/twi.c.o
                0x08001170                I2C3_ER_IRQHandler
 .text.HAL_MspInit
                0x0800117c        0x2 /Users/bears/Library/Caches/arduino/sketches/94A83AC9A8F134453052A5FA871634DF/libraries/SrcWrapper/HAL/stm32yyxx_hal.c.o
                0x0800117c                HAL_MspInit
 *fill*         0x0800117e        0x2 
 .text.HAL_InitTick
                0x08001180       0x4c /Users/bears/Library/Caches/arduino/sketches/94A83AC9A8F134453052A5FA871634DF/libraries/SrcWrapper/HAL/stm32yyxx_hal.c.o
                0x08001180                HAL_InitTick
 .text.HAL_Init
                0x080011cc       0x2c /Users/bears/Library/Caches/arduino/sketches/94A83AC9A8F134453052A5FA871634DF/libraries/SrcWrapper/HAL/stm32yyxx_hal.c.o
                0x080011cc                HAL_Init
 .text.HAL_IncTick
                0x080011f8       0x18 /Users/bears/Library/Caches/arduino/sketches/94A83AC9A8F134453052A5FA871634DF/libraries/SrcWrapper/HAL/stm32yyxx_hal.c.o
                0x080011f8                HAL_IncTick
 .text.HAL_GetTick
                0x08001210        0xc /Users/bears/Library/Caches/arduino/sketches/94A83AC9A8F134453052A5FA871634DF/libraries/SrcWrapper/HAL/stm32yyxx_hal.c.o
                0x08001210                HAL_GetTick
 .text.HAL_NVIC_SetPriorityGrouping
                0x0800121c       0x24 /Users/bears/Library/Caches/arduino/sketches/94A83AC9A8F134453052A5FA871634DF/libraries/SrcWrapper/HAL/stm32yyxx_hal_cortex.c.o
                0x0800121c                HAL_NVIC_SetPriorityGrouping
 .text.HAL_NVIC_SetPriority
                0x08001240       0x64 /Users/bears/Library/Caches/arduino/sketches/94A83AC9A8F134453052A5FA871634DF/libraries/SrcWrapper/HAL/stm32yyxx_hal_cortex.c.o
                0x08001240                HAL_NVIC_SetPriority
 .text.HAL_NVIC_EnableIRQ
                0x080012a4       0x1c /Users/bears/Library/Caches/arduino/sketches/94A83AC9A8F134453052A5FA871634DF/libraries/SrcWrapper/HAL/stm32yyxx_hal_cortex.c.o
                0x080012a4                HAL_NVIC_EnableIRQ
 .text.HAL_NVIC_DisableIRQ
                0x080012c0       0x24 /Users/bears/Library/Caches/arduino/sketches/94A83AC9A8F134453052A5FA871634DF/libraries/SrcWrapper/HAL/stm32yyxx_hal_cortex.c.o
                0x080012c0                HAL_NVIC_DisableIRQ
 .text.HAL_SYSTICK_Config
                0x080012e4       0x28 /Users/bears/Library/Caches/arduino/sketches/94A83AC9A8F134453052A5FA871634DF/libraries/SrcWrapper/HAL/stm32yyxx_hal_cortex.c.o
                0x080012e4                HAL_SYSTICK_Config
 .text.HAL_NVIC_ClearPendingIRQ
                0x0800130c       0x1c /Users/bears/Library/Caches/arduino/sketches/94A83AC9A8F134453052A5FA871634DF/libraries/SrcWrapper/HAL/stm32yyxx_hal_cortex.c.o
                0x0800130c                HAL_NVIC_ClearPendingIRQ
 .text.HAL_SYSTICK_Callback
                0x08001328        0x2 /Users/bears/Library/Caches/arduino/sketches/94A83AC9A8F134453052A5FA871634DF/libraries/SrcWrapper/HAL/stm32yyxx_hal_cortex.c.o
                0x08001328                HAL_SYSTICK_Callback
 .text.HAL_SYSTICK_IRQHandler
                0x0800132a        0x8 /Users/bears/Library/Caches/arduino/sketches/94A83AC9A8F134453052A5FA871634DF/libraries/SrcWrapper/HAL/stm32yyxx_hal_cortex.c.o
                0x0800132a                HAL_SYSTICK_IRQHandler
 .text.HAL_CRC_MspInit
                0x08001332        0x2 /Users/bears/Library/Caches/arduino/sketches/94A83AC9A8F134453052A5FA871634DF/libraries/SrcWrapper/HAL/stm32yyxx_hal_crc.c.o
                0x08001332                HAL_CRC_MspInit
 .text.HAL_CRC_Init
                0x08001334       0x74 /Users/bears/Library/Caches/arduino/sketches/94A83AC9A8F134453052A5FA871634DF/libraries/SrcWrapper/HAL/stm32yyxx_hal_crc.c.o
                0x08001334                HAL_CRC_Init
 .text.HAL_CRCEx_Polynomial_Set
                0x080013a8       0x4e /Users/bears/Library/Caches/arduino/sketches/94A83AC9A8F134453052A5FA871634DF/libraries/SrcWrapper/HAL/stm32yyxx_hal_crc_ex.c.o
                0x080013a8                HAL_CRCEx_Polynomial_Set
 .text.HAL_DAC_DeInit
                0x080013f6       0x1c /Users/bears/Library/Caches/arduino/sketches/94A83AC9A8F134453052A5FA871634DF/libraries/SrcWrapper/HAL/stm32yyxx_hal_dac.c.o
                0x080013f6                HAL_DAC_DeInit
 .text.HAL_DAC_Stop
                0x08001412       0x22 /Users/bears/Library/Caches/arduino/sketches/94A83AC9A8F134453052A5FA871634DF/libraries/SrcWrapper/HAL/stm32yyxx_hal_dac.c.o
                0x08001412                HAL_DAC_Stop
 .text.HAL_DMA_Abort
                0x08001434       0x6a /Users/bears/Library/Caches/arduino/sketches/94A83AC9A8F134453052A5FA871634DF/libraries/SrcWrapper/HAL/stm32yyxx_hal_dma.c.o
                0x08001434                HAL_DMA_Abort
 .text.HAL_DMA_Abort_IT
                0x0800149e       0x6a /Users/bears/Library/Caches/arduino/sketches/94A83AC9A8F134453052A5FA871634DF/libraries/SrcWrapper/HAL/stm32yyxx_hal_dma.c.o
                0x0800149e                HAL_DMA_Abort_IT
 .text.HAL_DMA_GetState
                0x08001508        0x6 /Users/bears/Library/Caches/arduino/sketches/94A83AC9A8F134453052A5FA871634DF/libraries/SrcWrapper/HAL/stm32yyxx_hal_dma.c.o
                0x08001508                HAL_DMA_GetState
 *fill*         0x0800150e        0x2 
 .text.HAL_GPIO_EXTI_IRQHandler
                0x08001510       0x18 /Users/bears/Library/Caches/arduino/sketches/94A83AC9A8F134453052A5FA871634DF/libraries/SrcWrapper/HAL/stm32yyxx_hal_gpio.c.o
                0x08001510                HAL_GPIO_EXTI_IRQHandler
 .text.I2C_Flush_TXDR
                0x08001528       0x1c /Users/bears/Library/Caches/arduino/sketches/94A83AC9A8F134453052A5FA871634DF/libraries/SrcWrapper/HAL/stm32yyxx_hal_i2c.c.o
 .text.I2C_TransferConfig
                0x08001544       0x2c /Users/bears/Library/Caches/arduino/sketches/94A83AC9A8F134453052A5FA871634DF/libraries/SrcWrapper/HAL/stm32yyxx_hal_i2c.c.o
 .text.I2C_Enable_IRQ
                0x08001570       0x90 /Users/bears/Library/Caches/arduino/sketches/94A83AC9A8F134453052A5FA871634DF/libraries/SrcWrapper/HAL/stm32yyxx_hal_i2c.c.o
 .text.I2C_Disable_IRQ
                0x08001600       0x42 /Users/bears/Library/Caches/arduino/sketches/94A83AC9A8F134453052A5FA871634DF/libraries/SrcWrapper/HAL/stm32yyxx_hal_i2c.c.o
 .text.I2C_IsErrorOccurred
                0x08001642      0x102 /Users/bears/Library/Caches/arduino/sketches/94A83AC9A8F134453052A5FA871634DF/libraries/SrcWrapper/HAL/stm32yyxx_hal_i2c.c.o
 .text.I2C_WaitOnFlagUntilTimeout
                0x08001744       0x76 /Users/bears/Library/Caches/arduino/sketches/94A83AC9A8F134453052A5FA871634DF/libraries/SrcWrapper/HAL/stm32yyxx_hal_i2c.c.o
 .text.I2C_ConvertOtherXferOptions
                0x080017ba       0x1a /Users/bears/Library/Caches/arduino/sketches/94A83AC9A8F134453052A5FA871634DF/libraries/SrcWrapper/HAL/stm32yyxx_hal_i2c.c.o
 .text.HAL_I2C_MspInit
                0x080017d4        0x2 /Users/bears/Library/Caches/arduino/sketches/94A83AC9A8F134453052A5FA871634DF/libraries/SrcWrapper/HAL/stm32yyxx_hal_i2c.c.o
                0x080017d4                HAL_I2C_MspInit
 .text.HAL_I2C_Init
                0x080017d6       0xaa /Users/bears/Library/Caches/arduino/sketches/94A83AC9A8F134453052A5FA871634DF/libraries/SrcWrapper/HAL/stm32yyxx_hal_i2c.c.o
                0x080017d6                HAL_I2C_Init
 .text.HAL_I2C_MspDeInit
                0x08001880        0x2 /Users/bears/Library/Caches/arduino/sketches/94A83AC9A8F134453052A5FA871634DF/libraries/SrcWrapper/HAL/stm32yyxx_hal_i2c.c.o
                0x08001880                HAL_I2C_MspDeInit
 .text.HAL_I2C_DeInit
                0x08001882       0x32 /Users/bears/Library/Caches/arduino/sketches/94A83AC9A8F134453052A5FA871634DF/libraries/SrcWrapper/HAL/stm32yyxx_hal_i2c.c.o
                0x08001882                HAL_I2C_DeInit
 .text.HAL_I2C_IsDeviceReady
                0x080018b4      0x100 /Users/bears/Library/Caches/arduino/sketches/94A83AC9A8F134453052A5FA871634DF/libraries/SrcWrapper/HAL/stm32yyxx_hal_i2c.c.o
                0x080018b4                HAL_I2C_IsDeviceReady
 .text.HAL_I2C_Master_Seq_Transmit_IT
                0x080019b4       0xd4 /Users/bears/Library/Caches/arduino/sketches/94A83AC9A8F134453052A5FA871634DF/libraries/SrcWrapper/HAL/stm32yyxx_hal_i2c.c.o
                0x080019b4                HAL_I2C_Master_Seq_Transmit_IT
 .text.HAL_I2C_Master_Seq_Receive_IT
                0x08001a88       0xa4 /Users/bears/Library/Caches/arduino/sketches/94A83AC9A8F134453052A5FA871634DF/libraries/SrcWrapper/HAL/stm32yyxx_hal_i2c.c.o
                0x08001a88                HAL_I2C_Master_Seq_Receive_IT
 .text.HAL_I2C_Slave_Seq_Transmit_IT
                0x08001b2c       0xc4 /Users/bears/Library/Caches/arduino/sketches/94A83AC9A8F134453052A5FA871634DF/libraries/SrcWrapper/HAL/stm32yyxx_hal_i2c.c.o
                0x08001b2c                HAL_I2C_Slave_Seq_Transmit_IT
 .text.HAL_I2C_Slave_Seq_Receive_IT
                0x08001bf0       0xc4 /Users/bears/Library/Caches/arduino/sketches/94A83AC9A8F134453052A5FA871634DF/libraries/SrcWrapper/HAL/stm32yyxx_hal_i2c.c.o
                0x08001bf0                HAL_I2C_Slave_Seq_Receive_IT
 .text.HAL_I2C_EnableListen_IT
                0x08001cb4       0x28 /Users/bears/Library/Caches/arduino/sketches/94A83AC9A8F134453052A5FA871634DF/libraries/SrcWrapper/HAL/stm32yyxx_hal_i2c.c.o
                0x08001cb4                HAL_I2C_EnableListen_IT
 .text.HAL_I2C_EV_IRQHandler
                0x08001cdc        0xe /Users/bears/Library/Caches/arduino/sketches/94A83AC9A8F134453052A5FA871634DF/libraries/SrcWrapper/HAL/stm32yyxx_hal_i2c.c.o
                0x08001cdc                HAL_I2C_EV_IRQHandler
 .text.HAL_I2C_MasterTxCpltCallback
                0x08001cea        0x2 /Users/bears/Library/Caches/arduino/sketches/94A83AC9A8F134453052A5FA871634DF/libraries/SrcWrapper/HAL/stm32yyxx_hal_i2c.c.o
                0x08001cea                HAL_I2C_MasterTxCpltCallback
 .text.HAL_I2C_MasterRxCpltCallback
                0x08001cec        0x2 /Users/bears/Library/Caches/arduino/sketches/94A83AC9A8F134453052A5FA871634DF/libraries/SrcWrapper/HAL/stm32yyxx_hal_i2c.c.o
                0x08001cec                HAL_I2C_MasterRxCpltCallback
 .text.I2C_ITMasterSeqCplt
                0x08001cee       0x44 /Users/bears/Library/Caches/arduino/sketches/94A83AC9A8F134453052A5FA871634DF/libraries/SrcWrapper/HAL/stm32yyxx_hal_i2c.c.o
 .text.I2C_ITSlaveSeqCplt
                0x08001d32       0x6c /Users/bears/Library/Caches/arduino/sketches/94A83AC9A8F134453052A5FA871634DF/libraries/SrcWrapper/HAL/stm32yyxx_hal_i2c.c.o
 .text.I2C_ITAddrCplt.constprop.0
                0x08001d9e       0x86 /Users/bears/Library/Caches/arduino/sketches/94A83AC9A8F134453052A5FA871634DF/libraries/SrcWrapper/HAL/stm32yyxx_hal_i2c.c.o
 .text.I2C_ITListenCplt
                0x08001e24       0x60 /Users/bears/Library/Caches/arduino/sketches/94A83AC9A8F134453052A5FA871634DF/libraries/SrcWrapper/HAL/stm32yyxx_hal_i2c.c.o
 .text.HAL_I2C_MemTxCpltCallback
                0x08001e84        0x2 /Users/bears/Library/Caches/arduino/sketches/94A83AC9A8F134453052A5FA871634DF/libraries/SrcWrapper/HAL/stm32yyxx_hal_i2c.c.o
                0x08001e84                HAL_I2C_MemTxCpltCallback
 .text.HAL_I2C_MemRxCpltCallback
                0x08001e86        0x2 /Users/bears/Library/Caches/arduino/sketches/94A83AC9A8F134453052A5FA871634DF/libraries/SrcWrapper/HAL/stm32yyxx_hal_i2c.c.o
                0x08001e86                HAL_I2C_MemRxCpltCallback
 .text.HAL_I2C_AbortCpltCallback
                0x08001e88        0x2 /Users/bears/Library/Caches/arduino/sketches/94A83AC9A8F134453052A5FA871634DF/libraries/SrcWrapper/HAL/stm32yyxx_hal_i2c.c.o
                0x08001e88                HAL_I2C_AbortCpltCallback
 .text.I2C_TreatErrorCallback
                0x08001e8a       0x2c /Users/bears/Library/Caches/arduino/sketches/94A83AC9A8F134453052A5FA871634DF/libraries/SrcWrapper/HAL/stm32yyxx_hal_i2c.c.o
 *fill*         0x08001eb6        0x2 
 .text.I2C_ITError
                0x08001eb8      0x108 /Users/bears/Library/Caches/arduino/sketches/94A83AC9A8F134453052A5FA871634DF/libraries/SrcWrapper/HAL/stm32yyxx_hal_i2c.c.o
 .text.I2C_ITMasterCplt
                0x08001fc0       0xec /Users/bears/Library/Caches/arduino/sketches/94A83AC9A8F134453052A5FA871634DF/libraries/SrcWrapper/HAL/stm32yyxx_hal_i2c.c.o
 .text.I2C_Master_ISR_IT
                0x080020ac      0x132 /Users/bears/Library/Caches/arduino/sketches/94A83AC9A8F134453052A5FA871634DF/libraries/SrcWrapper/HAL/stm32yyxx_hal_i2c.c.o
 *fill*         0x080021de        0x2 
 .text.I2C_Mem_ISR_DMA
                0x080021e0      0x128 /Users/bears/Library/Caches/arduino/sketches/94A83AC9A8F134453052A5FA871634DF/libraries/SrcWrapper/HAL/stm32yyxx_hal_i2c.c.o
 .text.I2C_Master_ISR_DMA
                0x08002308      0x102 /Users/bears/Library/Caches/arduino/sketches/94A83AC9A8F134453052A5FA871634DF/libraries/SrcWrapper/HAL/stm32yyxx_hal_i2c.c.o
 .text.HAL_I2C_ER_IRQHandler
                0x0800240a       0x5c /Users/bears/Library/Caches/arduino/sketches/94A83AC9A8F134453052A5FA871634DF/libraries/SrcWrapper/HAL/stm32yyxx_hal_i2c.c.o
                0x0800240a                HAL_I2C_ER_IRQHandler
 *fill*         0x08002466        0x2 
 .text.I2C_ITSlaveCplt.constprop.0
                0x08002468      0x1b4 /Users/bears/Library/Caches/arduino/sketches/94A83AC9A8F134453052A5FA871634DF/libraries/SrcWrapper/HAL/stm32yyxx_hal_i2c.c.o
 .text.I2C_Slave_ISR_DMA
                0x0800261c       0xfa /Users/bears/Library/Caches/arduino/sketches/94A83AC9A8F134453052A5FA871634DF/libraries/SrcWrapper/HAL/stm32yyxx_hal_i2c.c.o
 .text.I2C_Slave_ISR_IT
                0x08002716      0x112 /Users/bears/Library/Caches/arduino/sketches/94A83AC9A8F134453052A5FA871634DF/libraries/SrcWrapper/HAL/stm32yyxx_hal_i2c.c.o
 .text.I2C_DMAAbort
                0x08002828       0x16 /Users/bears/Library/Caches/arduino/sketches/94A83AC9A8F134453052A5FA871634DF/libraries/SrcWrapper/HAL/stm32yyxx_hal_i2c.c.o
 .text.HAL_I2C_GetState
                0x0800283e        0x6 /Users/bears/Library/Caches/arduino/sketches/94A83AC9A8F134453052A5FA871634DF/libraries/SrcWrapper/HAL/stm32yyxx_hal_i2c.c.o
                0x0800283e                HAL_I2C_GetState
 .text.HAL_I2C_GetError
                0x08002844        0x4 /Users/bears/Library/Caches/arduino/sketches/94A83AC9A8F134453052A5FA871634DF/libraries/SrcWrapper/HAL/stm32yyxx_hal_i2c.c.o
                0x08002844                HAL_I2C_GetError
 .text.HAL_PWR_EnableBkUpAccess
                0x08002848       0x10 /Users/bears/Library/Caches/arduino/sketches/94A83AC9A8F134453052A5FA871634DF/libraries/SrcWrapper/HAL/stm32yyxx_hal_pwr.c.o
                0x08002848                HAL_PWR_EnableBkUpAccess
 .text.HAL_PWREx_GetVoltageRange
                0x08002858       0x10 /Users/bears/Library/Caches/arduino/sketches/94A83AC9A8F134453052A5FA871634DF/libraries/SrcWrapper/HAL/stm32yyxx_hal_pwr_ex.c.o
                0x08002858                HAL_PWREx_GetVoltageRange
 .text.LL_RCC_HSE_IsReady
                0x08002868        0xc /Users/bears/Library/Caches/arduino/sketches/94A83AC9A8F134453052A5FA871634DF/libraries/SrcWrapper/HAL/stm32yyxx_hal_rcc.c.o
 .text.LL_RCC_MSI_IsReady
                0x08002874        0xc /Users/bears/Library/Caches/arduino/sketches/94A83AC9A8F134453052A5FA871634DF/libraries/SrcWrapper/HAL/stm32yyxx_hal_rcc.c.o
 .text.LL_RCC_MSI_SetCalibTrimming
                0x08002880       0x12 /Users/bears/Library/Caches/arduino/sketches/94A83AC9A8F134453052A5FA871634DF/libraries/SrcWrapper/HAL/stm32yyxx_hal_rcc.c.o
 .text.LL_RCC_PLL_IsReady
                0x08002892        0xc /Users/bears/Library/Caches/arduino/sketches/94A83AC9A8F134453052A5FA871634DF/libraries/SrcWrapper/HAL/stm32yyxx_hal_rcc.c.o
 *fill*         0x0800289e        0x2 
 .text.RCC_SetFlashLatencyFromMSIRange
                0x080028a0       0xd4 /Users/bears/Library/Caches/arduino/sketches/94A83AC9A8F134453052A5FA871634DF/libraries/SrcWrapper/HAL/stm32yyxx_hal_rcc.c.o
 .text.HAL_RCC_GetSysClockFreq
                0x08002974       0xdc /Users/bears/Library/Caches/arduino/sketches/94A83AC9A8F134453052A5FA871634DF/libraries/SrcWrapper/HAL/stm32yyxx_hal_rcc.c.o
                0x08002974                HAL_RCC_GetSysClockFreq
 .text.HAL_RCC_GetHCLKFreq
                0x08002a50       0x20 /Users/bears/Library/Caches/arduino/sketches/94A83AC9A8F134453052A5FA871634DF/libraries/SrcWrapper/HAL/stm32yyxx_hal_rcc.c.o
                0x08002a50                HAL_RCC_GetHCLKFreq
 .text.HAL_RCC_OscConfig
                0x08002a70      0x534 /Users/bears/Library/Caches/arduino/sketches/94A83AC9A8F134453052A5FA871634DF/libraries/SrcWrapper/HAL/stm32yyxx_hal_rcc.c.o
                0x08002a70                HAL_RCC_OscConfig
 .text.HAL_RCC_ClockConfig
                0x08002fa4      0x1c0 /Users/bears/Library/Caches/arduino/sketches/94A83AC9A8F134453052A5FA871634DF/libraries/SrcWrapper/HAL/stm32yyxx_hal_rcc.c.o
                0x08002fa4                HAL_RCC_ClockConfig
 .text.HAL_RCC_GetPCLK1Freq
                0x08003164       0x20 /Users/bears/Library/Caches/arduino/sketches/94A83AC9A8F134453052A5FA871634DF/libraries/SrcWrapper/HAL/stm32yyxx_hal_rcc.c.o
                0x08003164                HAL_RCC_GetPCLK1Freq
 .text.HAL_RCC_GetPCLK2Freq
                0x08003184       0x20 /Users/bears/Library/Caches/arduino/sketches/94A83AC9A8F134453052A5FA871634DF/libraries/SrcWrapper/HAL/stm32yyxx_hal_rcc.c.o
                0x08003184                HAL_RCC_GetPCLK2Freq
 .text.LL_RCC_HSI_IsReady
                0x080031a4        0xc /Users/bears/Library/Caches/arduino/sketches/94A83AC9A8F134453052A5FA871634DF/libraries/SrcWrapper/HAL/stm32yyxx_hal_rcc_ex.c.o
 .text.LL_RCC_LSE_IsReady
                0x080031b0        0xe /Users/bears/Library/Caches/arduino/sketches/94A83AC9A8F134453052A5FA871634DF/libraries/SrcWrapper/HAL/stm32yyxx_hal_rcc_ex.c.o
 .text.LL_RCC_LSI_IsReady
                0x080031be        0xe /Users/bears/Library/Caches/arduino/sketches/94A83AC9A8F134453052A5FA871634DF/libraries/SrcWrapper/HAL/stm32yyxx_hal_rcc_ex.c.o
 .text.LL_RCC_MSI_IsEnabledRangeSelect
                0x080031cc        0xc /Users/bears/Library/Caches/arduino/sketches/94A83AC9A8F134453052A5FA871634DF/libraries/SrcWrapper/HAL/stm32yyxx_hal_rcc_ex.c.o
 .text.RCC_PLL_GetFreqDomain_Q
                0x080031d8       0x94 /Users/bears/Library/Caches/arduino/sketches/94A83AC9A8F134453052A5FA871634DF/libraries/SrcWrapper/HAL/stm32yyxx_hal_rcc_ex.c.o
 .text.HAL_RCCEx_GetPeriphCLKFreq
                0x0800326c      0x3e8 /Users/bears/Library/Caches/arduino/sketches/94A83AC9A8F134453052A5FA871634DF/libraries/SrcWrapper/HAL/stm32yyxx_hal_rcc_ex.c.o
                0x0800326c                HAL_RCCEx_GetPeriphCLKFreq
 .text.HAL_TIM_PWM_PulseFinishedCallback
                0x08003654        0x2 /Users/bears/Library/Caches/arduino/sketches/94A83AC9A8F134453052A5FA871634DF/libraries/SrcWrapper/HAL/stm32yyxx_hal_tim.c.o
                0x08003654                HAL_TIM_PWM_PulseFinishedCallback
 .text.HAL_TIM_TriggerCallback
                0x08003656        0x2 /Users/bears/Library/Caches/arduino/sketches/94A83AC9A8F134453052A5FA871634DF/libraries/SrcWrapper/HAL/stm32yyxx_hal_tim.c.o
                0x08003656                HAL_TIM_TriggerCallback
 .text.HAL_TIM_IRQHandler
                0x08003658      0x140 /Users/bears/Library/Caches/arduino/sketches/94A83AC9A8F134453052A5FA871634DF/libraries/SrcWrapper/HAL/stm32yyxx_hal_tim.c.o
                0x08003658                HAL_TIM_IRQHandler
 .text.TIM_Base_SetConfig
                0x08003798       0x74 /Users/bears/Library/Caches/arduino/sketches/94A83AC9A8F134453052A5FA871634DF/libraries/SrcWrapper/HAL/stm32yyxx_hal_tim.c.o
                0x08003798                TIM_Base_SetConfig
 .text.HAL_TIM_Base_Init
                0x0800380c       0x60 /Users/bears/Library/Caches/arduino/sketches/94A83AC9A8F134453052A5FA871634DF/libraries/SrcWrapper/HAL/stm32yyxx_hal_tim.c.o
                0x0800380c                HAL_TIM_Base_Init
 .text.HAL_TIMEx_CommutCallback
                0x0800386c        0x2 /Users/bears/Library/Caches/arduino/sketches/94A83AC9A8F134453052A5FA871634DF/libraries/SrcWrapper/HAL/stm32yyxx_hal_tim_ex.c.o
                0x0800386c                HAL_TIMEx_CommutCallback
 .text.HAL_TIMEx_BreakCallback
                0x0800386e        0x2 /Users/bears/Library/Caches/arduino/sketches/94A83AC9A8F134453052A5FA871634DF/libraries/SrcWrapper/HAL/stm32yyxx_hal_tim_ex.c.o
                0x0800386e                HAL_TIMEx_BreakCallback
 .text.HAL_TIMEx_Break2Callback
                0x08003870        0x2 /Users/bears/Library/Caches/arduino/sketches/94A83AC9A8F134453052A5FA871634DF/libraries/SrcWrapper/HAL/stm32yyxx_hal_tim_ex.c.o
                0x08003870                HAL_TIMEx_Break2Callback
 *fill*         0x08003872        0x2 
 .text.UART_EndRxTransfer
                0x08003874       0x58 /Users/bears/Library/Caches/arduino/sketches/94A83AC9A8F134453052A5FA871634DF/libraries/SrcWrapper/HAL/stm32yyxx_hal_uart.c.o
 .text.UART_TxISR_8BIT.part.0
                0x080038cc       0x26 /Users/bears/Library/Caches/arduino/sketches/94A83AC9A8F134453052A5FA871634DF/libraries/SrcWrapper/HAL/stm32yyxx_hal_uart.c.o
 .text.UART_TxISR_8BIT
                0x080038f2       0x30 /Users/bears/Library/Caches/arduino/sketches/94A83AC9A8F134453052A5FA871634DF/libraries/SrcWrapper/HAL/stm32yyxx_hal_uart.c.o
 .text.UART_TxISR_16BIT
                0x08003922       0x34 /Users/bears/Library/Caches/arduino/sketches/94A83AC9A8F134453052A5FA871634DF/libraries/SrcWrapper/HAL/stm32yyxx_hal_uart.c.o
 .text.UART_TxISR_8BIT_FIFOEN
                0x08003956       0x66 /Users/bears/Library/Caches/arduino/sketches/94A83AC9A8F134453052A5FA871634DF/libraries/SrcWrapper/HAL/stm32yyxx_hal_uart.c.o
 .text.UART_TxISR_16BIT_FIFOEN
                0x080039bc       0x6a /Users/bears/Library/Caches/arduino/sketches/94A83AC9A8F134453052A5FA871634DF/libraries/SrcWrapper/HAL/stm32yyxx_hal_uart.c.o
 .text.HAL_UART_MspInit
                0x08003a26        0x2 /Users/bears/Library/Caches/arduino/sketches/94A83AC9A8F134453052A5FA871634DF/libraries/SrcWrapper/HAL/stm32yyxx_hal_uart.c.o
                0x08003a26                HAL_UART_MspInit
 .text.HAL_UART_MspDeInit
                0x08003a28        0x2 /Users/bears/Library/Caches/arduino/sketches/94A83AC9A8F134453052A5FA871634DF/libraries/SrcWrapper/HAL/stm32yyxx_hal_uart.c.o
                0x08003a28                HAL_UART_MspDeInit
 .text.HAL_UART_DeInit
                0x08003a2a       0x3e /Users/bears/Library/Caches/arduino/sketches/94A83AC9A8F134453052A5FA871634DF/libraries/SrcWrapper/HAL/stm32yyxx_hal_uart.c.o
                0x08003a2a                HAL_UART_DeInit
 .text.HAL_UART_Transmit_IT
                0x08003a68       0xac /Users/bears/Library/Caches/arduino/sketches/94A83AC9A8F134453052A5FA871634DF/libraries/SrcWrapper/HAL/stm32yyxx_hal_uart.c.o
                0x08003a68                HAL_UART_Transmit_IT
 .text.UART_DMAAbortOnError
                0x08003b14        0xa /Users/bears/Library/Caches/arduino/sketches/94A83AC9A8F134453052A5FA871634DF/libraries/SrcWrapper/HAL/stm32yyxx_hal_uart.c.o
 .text.HAL_UARTEx_RxEventCallback
                0x08003b1e        0x2 /Users/bears/Library/Caches/arduino/sketches/94A83AC9A8F134453052A5FA871634DF/libraries/SrcWrapper/HAL/stm32yyxx_hal_uart.c.o
                0x08003b1e                HAL_UARTEx_RxEventCallback
 .text.HAL_UART_IRQHandler
                0x08003b20      0x304 /Users/bears/Library/Caches/arduino/sketches/94A83AC9A8F134453052A5FA871634DF/libraries/SrcWrapper/HAL/stm32yyxx_hal_uart.c.o
                0x08003b20                HAL_UART_IRQHandler
 .text.UART_RxISR_8BIT
                0x08003e24       0xcc /Users/bears/Library/Caches/arduino/sketches/94A83AC9A8F134453052A5FA871634DF/libraries/SrcWrapper/HAL/stm32yyxx_hal_uart.c.o
 .text.UART_RxISR_16BIT
                0x08003ef0       0xc4 /Users/bears/Library/Caches/arduino/sketches/94A83AC9A8F134453052A5FA871634DF/libraries/SrcWrapper/HAL/stm32yyxx_hal_uart.c.o
 .text.UART_RxISR_8BIT_FIFOEN
                0x08003fb4      0x1a0 /Users/bears/Library/Caches/arduino/sketches/94A83AC9A8F134453052A5FA871634DF/libraries/SrcWrapper/HAL/stm32yyxx_hal_uart.c.o
 .text.UART_RxISR_16BIT_FIFOEN
                0x08004154      0x198 /Users/bears/Library/Caches/arduino/sketches/94A83AC9A8F134453052A5FA871634DF/libraries/SrcWrapper/HAL/stm32yyxx_hal_uart.c.o
 .text.HAL_HalfDuplex_EnableTransmitter
                0x080042ec       0x4c /Users/bears/Library/Caches/arduino/sketches/94A83AC9A8F134453052A5FA871634DF/libraries/SrcWrapper/HAL/stm32yyxx_hal_uart.c.o
                0x080042ec                HAL_HalfDuplex_EnableTransmitter
 .text.HAL_HalfDuplex_EnableReceiver
                0x08004338       0x4c /Users/bears/Library/Caches/arduino/sketches/94A83AC9A8F134453052A5FA871634DF/libraries/SrcWrapper/HAL/stm32yyxx_hal_uart.c.o
                0x08004338                HAL_HalfDuplex_EnableReceiver
 .text.HAL_UART_GetState
                0x08004384        0xc /Users/bears/Library/Caches/arduino/sketches/94A83AC9A8F134453052A5FA871634DF/libraries/SrcWrapper/HAL/stm32yyxx_hal_uart.c.o
                0x08004384                HAL_UART_GetState
 .text.UART_SetConfig
                0x08004390      0x210 /Users/bears/Library/Caches/arduino/sketches/94A83AC9A8F134453052A5FA871634DF/libraries/SrcWrapper/HAL/stm32yyxx_hal_uart.c.o
                0x08004390                UART_SetConfig
 .text.UART_AdvFeatureConfig
                0x080045a0       0xa8 /Users/bears/Library/Caches/arduino/sketches/94A83AC9A8F134453052A5FA871634DF/libraries/SrcWrapper/HAL/stm32yyxx_hal_uart.c.o
                0x080045a0                UART_AdvFeatureConfig
 .text.UART_WaitOnFlagUntilTimeout
                0x08004648       0x90 /Users/bears/Library/Caches/arduino/sketches/94A83AC9A8F134453052A5FA871634DF/libraries/SrcWrapper/HAL/stm32yyxx_hal_uart.c.o
                0x08004648                UART_WaitOnFlagUntilTimeout
 .text.UART_CheckIdleState
                0x080046d8       0xb6 /Users/bears/Library/Caches/arduino/sketches/94A83AC9A8F134453052A5FA871634DF/libraries/SrcWrapper/HAL/stm32yyxx_hal_uart.c.o
                0x080046d8                UART_CheckIdleState
 .text.HAL_UART_Init
                0x0800478e       0x60 /Users/bears/Library/Caches/arduino/sketches/94A83AC9A8F134453052A5FA871634DF/libraries/SrcWrapper/HAL/stm32yyxx_hal_uart.c.o
                0x0800478e                HAL_UART_Init
 .text.HAL_HalfDuplex_Init
                0x080047ee       0x68 /Users/bears/Library/Caches/arduino/sketches/94A83AC9A8F134453052A5FA871634DF/libraries/SrcWrapper/HAL/stm32yyxx_hal_uart.c.o
                0x080047ee                HAL_HalfDuplex_Init
 *fill*         0x08004856        0x2 
 .text.UART_Start_Receive_IT
                0x08004858      0x114 /Users/bears/Library/Caches/arduino/sketches/94A83AC9A8F134453052A5FA871634DF/libraries/SrcWrapper/HAL/stm32yyxx_hal_uart.c.o
                0x08004858                UART_Start_Receive_IT
 .text.HAL_UART_Receive_IT
                0x0800496c       0x44 /Users/bears/Library/Caches/arduino/sketches/94A83AC9A8F134453052A5FA871634DF/libraries/SrcWrapper/HAL/stm32yyxx_hal_uart.c.o
                0x0800496c                HAL_UART_Receive_IT
 .text.HAL_UARTEx_RxFifoFullCallback
                0x080049b0        0x2 /Users/bears/Library/Caches/arduino/sketches/94A83AC9A8F134453052A5FA871634DF/libraries/SrcWrapper/HAL/stm32yyxx_hal_uart_ex.c.o
                0x080049b0                HAL_UARTEx_RxFifoFullCallback
 .text.HAL_UARTEx_TxFifoEmptyCallback
                0x080049b2        0x2 /Users/bears/Library/Caches/arduino/sketches/94A83AC9A8F134453052A5FA871634DF/libraries/SrcWrapper/HAL/stm32yyxx_hal_uart_ex.c.o
                0x080049b2                HAL_UARTEx_TxFifoEmptyCallback
 .text.HAL_UARTEx_EnableStopMode
                0x080049b4       0x2c /Users/bears/Library/Caches/arduino/sketches/94A83AC9A8F134453052A5FA871634DF/libraries/SrcWrapper/HAL/stm32yyxx_hal_uart_ex.c.o
                0x080049b4                HAL_UARTEx_EnableStopMode
 .text.HAL_UARTEx_DisableStopMode
                0x080049e0       0x2c /Users/bears/Library/Caches/arduino/sketches/94A83AC9A8F134453052A5FA871634DF/libraries/SrcWrapper/HAL/stm32yyxx_hal_uart_ex.c.o
                0x080049e0                HAL_UARTEx_DisableStopMode
 .text._ZNSt8functionIFvvEEaSEDn.isra.0
                0x08004a0c       0x16 /Users/bears/Library/Caches/arduino/sketches/94A83AC9A8F134453052A5FA871634DF/libraries/SrcWrapper/HardwareTimer.cpp.o
 *fill*         0x08004a22        0x2 
 .text._Z15get_timer_indexP11TIM_TypeDef
                0x08004a24       0x34 /Users/bears/Library/Caches/arduino/sketches/94A83AC9A8F134453052A5FA871634DF/libraries/SrcWrapper/HardwareTimer.cpp.o
                0x08004a24                get_timer_index(TIM_TypeDef*)
 .text._ZN13HardwareTimerD2Ev
                0x08004a58       0x3c /Users/bears/Library/Caches/arduino/sketches/94A83AC9A8F134453052A5FA871634DF/libraries/SrcWrapper/HardwareTimer.cpp.o
                0x08004a58                HardwareTimer::~HardwareTimer()
                0x08004a58                HardwareTimer::~HardwareTimer()
 .text._ZN13HardwareTimer5setupEP11TIM_TypeDef
                0x08004a94       0x88 /Users/bears/Library/Caches/arduino/sketches/94A83AC9A8F134453052A5FA871634DF/libraries/SrcWrapper/HardwareTimer.cpp.o
                0x08004a94                HardwareTimer::setup(TIM_TypeDef*)
 .text.TIM1_UP_IRQHandler
                0x08004b1c       0x14 /Users/bears/Library/Caches/arduino/sketches/94A83AC9A8F134453052A5FA871634DF/libraries/SrcWrapper/HardwareTimer.cpp.o
                0x08004b1c                TIM1_UP_IRQHandler
 .text.TIM1_CC_IRQHandler
                0x08004b30        0x4 /Users/bears/Library/Caches/arduino/sketches/94A83AC9A8F134453052A5FA871634DF/libraries/SrcWrapper/HardwareTimer.cpp.o
                0x08004b30                TIM1_CC_IRQHandler
 .text.TIM2_IRQHandler
                0x08004b34       0x14 /Users/bears/Library/Caches/arduino/sketches/94A83AC9A8F134453052A5FA871634DF/libraries/SrcWrapper/HardwareTimer.cpp.o
                0x08004b34                TIM2_IRQHandler
 .text.TIM16_IRQHandler
                0x08004b48       0x14 /Users/bears/Library/Caches/arduino/sketches/94A83AC9A8F134453052A5FA871634DF/libraries/SrcWrapper/HardwareTimer.cpp.o
                0x08004b48                TIM16_IRQHandler
 .text.TIM17_IRQHandler
                0x08004b5c       0x14 /Users/bears/Library/Caches/arduino/sketches/94A83AC9A8F134453052A5FA871634DF/libraries/SrcWrapper/HardwareTimer.cpp.o
                0x08004b5c                TIM17_IRQHandler
 .text._ZNSt8functionIFvvEEC2Ev
                0x08004b70        0xc /Users/bears/Library/Caches/arduino/sketches/94A83AC9A8F134453052A5FA871634DF/libraries/SrcWrapper/HardwareTimer.cpp.o
                0x08004b70                std::function<void ()>::function()
                0x08004b70                std::function<void ()>::function()
 .text._ZN13HardwareTimerC2EP11TIM_TypeDef
                0x08004b7c       0x2a /Users/bears/Library/Caches/arduino/sketches/94A83AC9A8F134453052A5FA871634DF/libraries/SrcWrapper/HardwareTimer.cpp.o
                0x08004b7c                HardwareTimer::HardwareTimer(TIM_TypeDef*)
                0x08004b7c                HardwareTimer::HardwareTimer(TIM_TypeDef*)
 .text._ZNKSt8functionIFvvEEclEv
                0x08004ba6       0x12 /Users/bears/Library/Caches/arduino/sketches/94A83AC9A8F134453052A5FA871634DF/libraries/SrcWrapper/HardwareTimer.cpp.o
                0x08004ba6                std::function<void ()>::operator()() const
 .text._ZN13HardwareTimer14updateCallbackEP17TIM_HandleTypeDef
                0x08004bb8       0x18 /Users/bears/Library/Caches/arduino/sketches/94A83AC9A8F134453052A5FA871634DF/libraries/SrcWrapper/HardwareTimer.cpp.o
                0x08004bb8                HardwareTimer::updateCallback(TIM_HandleTypeDef*)
 .text.HAL_TIM_PeriodElapsedCallback
                0x08004bd0        0x4 /Users/bears/Library/Caches/arduino/sketches/94A83AC9A8F134453052A5FA871634DF/libraries/SrcWrapper/HardwareTimer.cpp.o
                0x08004bd0                HAL_TIM_PeriodElapsedCallback
 .text._ZN13HardwareTimer22captureCompareCallbackEP17TIM_HandleTypeDef
                0x08004bd4       0x3e /Users/bears/Library/Caches/arduino/sketches/94A83AC9A8F134453052A5FA871634DF/libraries/SrcWrapper/HardwareTimer.cpp.o
                0x08004bd4                HardwareTimer::captureCompareCallback(TIM_HandleTypeDef*)
 .text.HAL_TIM_OC_DelayElapsedCallback
                0x08004c12        0x4 /Users/bears/Library/Caches/arduino/sketches/94A83AC9A8F134453052A5FA871634DF/libraries/SrcWrapper/HardwareTimer.cpp.o
                0x08004c12                HAL_TIM_OC_DelayElapsedCallback
 .text.HAL_TIM_IC_CaptureCallback
                0x08004c16        0x4 /Users/bears/Library/Caches/arduino/sketches/94A83AC9A8F134453052A5FA871634DF/libraries/SrcWrapper/HardwareTimer.cpp.o
                0x08004c16                HAL_TIM_IC_CaptureCallback
 .text._Znwj    0x08004c1a        0x4 /Users/bears/Library/Caches/arduino/sketches/94A83AC9A8F134453052A5FA871634DF/libraries/SrcWrapper/new.cpp.o
                0x08004c1a                operator new(unsigned int)
 .text._ZdlPvj  0x08004c1e        0x4 /Users/bears/Library/Caches/arduino/sketches/94A83AC9A8F134453052A5FA871634DF/libraries/SrcWrapper/new.cpp.o
                0x08004c1e                operator delete(void*, unsigned int)
 .text.LL_AHB2_GRP1_EnableClock
                0x08004c22       0x18 /Users/bears/Library/Caches/arduino/sketches/94A83AC9A8F134453052A5FA871634DF/libraries/SrcWrapper/stm32/PortNames.c.o
 *fill*         0x08004c3a        0x2 
 .text.set_GPIO_Port_Clock
                0x08004c3c       0x48 /Users/bears/Library/Caches/arduino/sketches/94A83AC9A8F134453052A5FA871634DF/libraries/SrcWrapper/stm32/PortNames.c.o
                0x08004c3c                set_GPIO_Port_Clock
 .text.get_dac_channel
                0x08004c84       0x1c /Users/bears/Library/Caches/arduino/sketches/94A83AC9A8F134453052A5FA871634DF/libraries/SrcWrapper/stm32/analog.cpp.o
                0x08004c84                get_dac_channel
 .text.HAL_DAC_MspDeInit
                0x08004ca0       0x2c /Users/bears/Library/Caches/arduino/sketches/94A83AC9A8F134453052A5FA871634DF/libraries/SrcWrapper/stm32/analog.cpp.o
                0x08004ca0                HAL_DAC_MspDeInit
 .text.dac_stop
                0x08004ccc       0x2c /Users/bears/Library/Caches/arduino/sketches/94A83AC9A8F134453052A5FA871634DF/libraries/SrcWrapper/stm32/analog.cpp.o
                0x08004ccc                dac_stop
 .text.pwm_stop
                0x08004cf8       0x58 /Users/bears/Library/Caches/arduino/sketches/94A83AC9A8F134453052A5FA871634DF/libraries/SrcWrapper/stm32/analog.cpp.o
                0x08004cf8                pwm_stop
 .text.getCurrentMillis
                0x08004d50        0x4 /Users/bears/Library/Caches/arduino/sketches/94A83AC9A8F134453052A5FA871634DF/libraries/SrcWrapper/stm32/clock.c.o
                0x08004d50                getCurrentMillis
 .text.noOsSystickHandler
                0x08004d54        0x2 /Users/bears/Library/Caches/arduino/sketches/94A83AC9A8F134453052A5FA871634DF/libraries/SrcWrapper/stm32/clock.c.o
                0x08004d54                noOsSystickHandler
                0x08004d54                osSystickHandler
 .text.SysTick_Handler
                0x08004d56       0x10 /Users/bears/Library/Caches/arduino/sketches/94A83AC9A8F134453052A5FA871634DF/libraries/SrcWrapper/stm32/clock.c.o
                0x08004d56                SysTick_Handler
 .text.configHSECapacitorTuning
                0x08004d66        0x2 /Users/bears/Library/Caches/arduino/sketches/94A83AC9A8F134453052A5FA871634DF/libraries/SrcWrapper/stm32/clock.c.o
                0x08004d66                configHSECapacitorTuning
 .text.configIPClock
                0x08004d68       0x2e /Users/bears/Library/Caches/arduino/sketches/94A83AC9A8F134453052A5FA871634DF/libraries/SrcWrapper/stm32/clock.c.o
                0x08004d68                configIPClock
 *fill*         0x08004d96        0x2 
 .text.dwt_init
                0x08004d98       0x3c /Users/bears/Library/Caches/arduino/sketches/94A83AC9A8F134453052A5FA871634DF/libraries/SrcWrapper/stm32/dwt.c.o
                0x08004d98                dwt_init
 .text.hw_config_init
                0x08004dd4       0x24 /Users/bears/Library/Caches/arduino/sketches/94A83AC9A8F134453052A5FA871634DF/libraries/SrcWrapper/stm32/hw_config.c.o
                0x08004dd4                hw_config_init
 .text.startup._ZNSt8functionIFvvEEC2EDn.constprop.0.isra.0
                0x08004df8        0xc /Users/bears/Library/Caches/arduino/sketches/94A83AC9A8F134453052A5FA871634DF/libraries/SrcWrapper/stm32/interrupt.cpp.o
 .text.HAL_GPIO_EXTI_Callback
                0x08004e04       0x2c /Users/bears/Library/Caches/arduino/sketches/94A83AC9A8F134453052A5FA871634DF/libraries/SrcWrapper/stm32/interrupt.cpp.o
                0x08004e04                HAL_GPIO_EXTI_Callback
 .text.EXTI0_IRQHandler
                0x08004e30        0x6 /Users/bears/Library/Caches/arduino/sketches/94A83AC9A8F134453052A5FA871634DF/libraries/SrcWrapper/stm32/interrupt.cpp.o
                0x08004e30                EXTI0_IRQHandler
 .text.EXTI1_IRQHandler
                0x08004e36        0x6 /Users/bears/Library/Caches/arduino/sketches/94A83AC9A8F134453052A5FA871634DF/libraries/SrcWrapper/stm32/interrupt.cpp.o
                0x08004e36                EXTI1_IRQHandler
 .text.EXTI2_IRQHandler
                0x08004e3c        0x6 /Users/bears/Library/Caches/arduino/sketches/94A83AC9A8F134453052A5FA871634DF/libraries/SrcWrapper/stm32/interrupt.cpp.o
                0x08004e3c                EXTI2_IRQHandler
 .text.EXTI3_IRQHandler
                0x08004e42        0x6 /Users/bears/Library/Caches/arduino/sketches/94A83AC9A8F134453052A5FA871634DF/libraries/SrcWrapper/stm32/interrupt.cpp.o
                0x08004e42                EXTI3_IRQHandler
 .text.EXTI4_IRQHandler
                0x08004e48        0x6 /Users/bears/Library/Caches/arduino/sketches/94A83AC9A8F134453052A5FA871634DF/libraries/SrcWrapper/stm32/interrupt.cpp.o
                0x08004e48                EXTI4_IRQHandler
 .text.EXTI9_5_IRQHandler
                0x08004e4e       0x28 /Users/bears/Library/Caches/arduino/sketches/94A83AC9A8F134453052A5FA871634DF/libraries/SrcWrapper/stm32/interrupt.cpp.o
                0x08004e4e                EXTI9_5_IRQHandler
 .text.EXTI15_10_IRQHandler
                0x08004e76       0x18 /Users/bears/Library/Caches/arduino/sketches/94A83AC9A8F134453052A5FA871634DF/libraries/SrcWrapper/stm32/interrupt.cpp.o
                0x08004e76                EXTI15_10_IRQHandler
 *fill*         0x08004e8e        0x2 
 .text.startup._GLOBAL__sub_I__Z22stm32_interrupt_enable7PinNameSt8functionIFvvEEm
                0x08004e90       0xd8 /Users/bears/Library/Caches/arduino/sketches/94A83AC9A8F134453052A5FA871634DF/libraries/SrcWrapper/stm32/interrupt.cpp.o
 .text.exit._GLOBAL__sub_D__Z22stm32_interrupt_enable7PinNameSt8functionIFvvEEm
                0x08004f68       0x1c /Users/bears/Library/Caches/arduino/sketches/94A83AC9A8F134453052A5FA871634DF/libraries/SrcWrapper/stm32/interrupt.cpp.o
 .text.pin_in_pinmap
                0x08004f84       0x1e /Users/bears/Library/Caches/arduino/sketches/94A83AC9A8F134453052A5FA871634DF/libraries/SrcWrapper/stm32/pinmap.c.o
                0x08004f84                pin_in_pinmap
 *fill*         0x08004fa2        0x2 
 .text.pin_function
                0x08004fa4      0x134 /Users/bears/Library/Caches/arduino/sketches/94A83AC9A8F134453052A5FA871634DF/libraries/SrcWrapper/stm32/pinmap.c.o
                0x08004fa4                pin_function
 .text.pinmap_pinout
                0x080050d8       0x1a /Users/bears/Library/Caches/arduino/sketches/94A83AC9A8F134453052A5FA871634DF/libraries/SrcWrapper/stm32/pinmap.c.o
                0x080050d8                pinmap_pinout
 .text.pinmap_find_peripheral
                0x080050f2       0x16 /Users/bears/Library/Caches/arduino/sketches/94A83AC9A8F134453052A5FA871634DF/libraries/SrcWrapper/stm32/pinmap.c.o
                0x080050f2                pinmap_find_peripheral
 .text.pinmap_peripheral
                0x08005108        0xc /Users/bears/Library/Caches/arduino/sketches/94A83AC9A8F134453052A5FA871634DF/libraries/SrcWrapper/stm32/pinmap.c.o
                0x08005108                pinmap_peripheral
 .text.pinmap_find_pin
                0x08005114       0x16 /Users/bears/Library/Caches/arduino/sketches/94A83AC9A8F134453052A5FA871634DF/libraries/SrcWrapper/stm32/pinmap.c.o
                0x08005114                pinmap_find_pin
 .text.pinmap_pin
                0x0800512a        0xc /Users/bears/Library/Caches/arduino/sketches/94A83AC9A8F134453052A5FA871634DF/libraries/SrcWrapper/stm32/pinmap.c.o
                0x0800512a                pinmap_pin
 .text.pinmap_find_function
                0x08005136       0x16 /Users/bears/Library/Caches/arduino/sketches/94A83AC9A8F134453052A5FA871634DF/libraries/SrcWrapper/stm32/pinmap.c.o
                0x08005136                pinmap_find_function
 .text.pinmap_function
                0x0800514c        0xa /Users/bears/Library/Caches/arduino/sketches/94A83AC9A8F134453052A5FA871634DF/libraries/SrcWrapper/stm32/pinmap.c.o
                0x0800514c                pinmap_function
 .text.pinmap_merge_peripheral
                0x08005156       0x14 /Users/bears/Library/Caches/arduino/sketches/94A83AC9A8F134453052A5FA871634DF/libraries/SrcWrapper/stm32/pinmap.c.o
                0x08005156                pinmap_merge_peripheral
 *fill*         0x0800516a        0x2 
 .text.SystemInit
                0x0800516c       0x38 /Users/bears/Library/Caches/arduino/sketches/94A83AC9A8F134453052A5FA871634DF/libraries/SrcWrapper/stm32/system_stm32yyxx.c.o
                0x0800516c                SystemInit
 .text.LL_APB2_GRP1_EnableClock
                0x080051a4       0x18 /Users/bears/Library/Caches/arduino/sketches/94A83AC9A8F134453052A5FA871634DF/libraries/SrcWrapper/stm32/timer.c.o
 .text.get_timer_obj
                0x080051bc        0x4 /Users/bears/Library/Caches/arduino/sketches/94A83AC9A8F134453052A5FA871634DF/libraries/SrcWrapper/stm32/timer.c.o
                0x080051bc                get_timer_obj
 .text.enableTimerClock
                0x080051c0       0x58 /Users/bears/Library/Caches/arduino/sketches/94A83AC9A8F134453052A5FA871634DF/libraries/SrcWrapper/stm32/timer.c.o
                0x080051c0                enableTimerClock
 .text.disableTimerClock
                0x08005218       0x58 /Users/bears/Library/Caches/arduino/sketches/94A83AC9A8F134453052A5FA871634DF/libraries/SrcWrapper/stm32/timer.c.o
                0x08005218                disableTimerClock
 .text.getTimerUpIrq
                0x08005270       0x40 /Users/bears/Library/Caches/arduino/sketches/94A83AC9A8F134453052A5FA871634DF/libraries/SrcWrapper/stm32/timer.c.o
                0x08005270                getTimerUpIrq
 .text.getTimerCCIrq
                0x080052b0       0x40 /Users/bears/Library/Caches/arduino/sketches/94A83AC9A8F134453052A5FA871634DF/libraries/SrcWrapper/stm32/timer.c.o
                0x080052b0                getTimerCCIrq
 .text.HAL_TIM_Base_MspInit
                0x080052f0       0x52 /Users/bears/Library/Caches/arduino/sketches/94A83AC9A8F134453052A5FA871634DF/libraries/SrcWrapper/stm32/timer.c.o
                0x080052f0                HAL_TIM_Base_MspInit
 *fill*         0x08005342        0x2 
 .text.uart_enable_clock
                0x08005344       0xb4 /Users/bears/Library/Caches/arduino/sketches/94A83AC9A8F134453052A5FA871634DF/libraries/SrcWrapper/stm32/uart.c.o
                0x08005344                uart_enable_clock
 .text.uart_deinit
                0x080053f8       0x98 /Users/bears/Library/Caches/arduino/sketches/94A83AC9A8F134453052A5FA871634DF/libraries/SrcWrapper/stm32/uart.c.o
                0x080053f8                uart_deinit
 .text.uart_init_lpuart
                0x08005490       0x10 /Users/bears/Library/Caches/arduino/sketches/94A83AC9A8F134453052A5FA871634DF/libraries/SrcWrapper/stm32/uart.c.o
                0x08005490                uart_init_lpuart
 .text.serial_rx_active
                0x080054a0       0x24 /Users/bears/Library/Caches/arduino/sketches/94A83AC9A8F134453052A5FA871634DF/libraries/SrcWrapper/stm32/uart.c.o
                0x080054a0                serial_rx_active
 .text.serial_tx_active
                0x080054c4       0x24 /Users/bears/Library/Caches/arduino/sketches/94A83AC9A8F134453052A5FA871634DF/libraries/SrcWrapper/stm32/uart.c.o
                0x080054c4                serial_tx_active
 .text.uart_getc
                0x080054e8       0x38 /Users/bears/Library/Caches/arduino/sketches/94A83AC9A8F134453052A5FA871634DF/libraries/SrcWrapper/stm32/uart.c.o
                0x080054e8                uart_getc
 .text.uart_attach_rx_callback
                0x08005520       0x40 /Users/bears/Library/Caches/arduino/sketches/94A83AC9A8F134453052A5FA871634DF/libraries/SrcWrapper/stm32/uart.c.o
                0x08005520                uart_attach_rx_callback
 .text.uart_attach_tx_callback
                0x08005560       0x44 /Users/bears/Library/Caches/arduino/sketches/94A83AC9A8F134453052A5FA871634DF/libraries/SrcWrapper/stm32/uart.c.o
                0x08005560                uart_attach_tx_callback
 .text.uart_enable_tx
                0x080055a4       0x20 /Users/bears/Library/Caches/arduino/sketches/94A83AC9A8F134453052A5FA871634DF/libraries/SrcWrapper/stm32/uart.c.o
                0x080055a4                uart_enable_tx
 .text.uart_enable_rx
                0x080055c4       0x20 /Users/bears/Library/Caches/arduino/sketches/94A83AC9A8F134453052A5FA871634DF/libraries/SrcWrapper/stm32/uart.c.o
                0x080055c4                uart_enable_rx
 .text.HAL_UART_RxCpltCallback
                0x080055e4        0x8 /Users/bears/Library/Caches/arduino/sketches/94A83AC9A8F134453052A5FA871634DF/libraries/SrcWrapper/stm32/uart.c.o
                0x080055e4                HAL_UART_RxCpltCallback
 .text.HAL_UART_TxCpltCallback
                0x080055ec        0x8 /Users/bears/Library/Caches/arduino/sketches/94A83AC9A8F134453052A5FA871634DF/libraries/SrcWrapper/stm32/uart.c.o
                0x080055ec                HAL_UART_TxCpltCallback
 .text.HAL_UART_ErrorCallback
                0x080055f4       0x48 /Users/bears/Library/Caches/arduino/sketches/94A83AC9A8F134453052A5FA871634DF/libraries/SrcWrapper/stm32/uart.c.o
                0x080055f4                HAL_UART_ErrorCallback
 .text.USART1_IRQHandler
                0x0800563c       0x18 /Users/bears/Library/Caches/arduino/sketches/94A83AC9A8F134453052A5FA871634DF/libraries/SrcWrapper/stm32/uart.c.o
                0x0800563c                USART1_IRQHandler
 .text.USART2_IRQHandler
                0x08005654       0x1c /Users/bears/Library/Caches/arduino/sketches/94A83AC9A8F134453052A5FA871634DF/libraries/SrcWrapper/stm32/uart.c.o
                0x08005654                USART2_IRQHandler
 .text.LPUART1_IRQHandler
                0x08005670       0x18 /Users/bears/Library/Caches/arduino/sketches/94A83AC9A8F134453052A5FA871634DF/libraries/SrcWrapper/stm32/uart.c.o
                0x08005670                LPUART1_IRQHandler
 .text.HAL_UARTEx_WakeupCallback
                0x08005688        0xa /Users/bears/Library/Caches/arduino/sketches/94A83AC9A8F134453052A5FA871634DF/libraries/SrcWrapper/stm32/uart.c.o
                0x08005688                HAL_UARTEx_WakeupCallback